Component: ARM Compiler 5.06 update 6 (build 750) Tool: armlink [4d35ed]

==============================================================================

Section Cross References

    startup_stm32f103xb.o(RESET) refers to startup_stm32f103xb.o(STACK) for __initial_sp
    startup_stm32f103xb.o(RESET) refers to startup_stm32f103xb.o(.text) for Reset_Handler
    startup_stm32f103xb.o(RESET) refers to stm32f1xx_it.o(i.NMI_Handler) for NMI_Handler
    startup_stm32f103xb.o(RESET) refers to stm32f1xx_it.o(i.HardFault_Handler) for HardFault_Handler
    startup_stm32f103xb.o(RESET) refers to stm32f1xx_it.o(i.MemManage_Handler) for MemManage_Handler
    startup_stm32f103xb.o(RESET) refers to stm32f1xx_it.o(i.BusFault_Handler) for BusFault_Handler
    startup_stm32f103xb.o(RESET) refers to stm32f1xx_it.o(i.UsageFault_Handler) for UsageFault_Handler
    startup_stm32f103xb.o(RESET) refers to stm32f1xx_it.o(i.SVC_Handler) for SVC_Handler
    startup_stm32f103xb.o(RESET) refers to stm32f1xx_it.o(i.DebugMon_Handler) for DebugMon_Handler
    startup_stm32f103xb.o(RESET) refers to stm32f1xx_it.o(i.PendSV_Handler) for PendSV_Handler
    startup_stm32f103xb.o(RESET) refers to stm32f1xx_it.o(i.SysTick_Handler) for SysTick_Handler
    startup_stm32f103xb.o(RESET) refers to stm32f1xx_it.o(i.TIM2_IRQHandler) for TIM2_IRQHandler
    startup_stm32f103xb.o(RESET) refers to stm32f1xx_it.o(i.USART1_IRQHandler) for USART1_IRQHandler
    startup_stm32f103xb.o(RESET) refers to stm32f1xx_it.o(i.USART3_IRQHandler) for USART3_IRQHandler
    startup_stm32f103xb.o(.text) refers to system_stm32f1xx.o(i.SystemInit) for SystemInit
    startup_stm32f103xb.o(.text) refers to entry.o(.ARM.Collect$$$$00000000) for __main
    datascope_dp.o(i.DataScope_Data_Generate) refers to datascope_dp.o(.bss) for .bss
    datascope_dp.o(i.DataScope_Get_Channel_Data) refers to datascope_dp.o(i.Float2Byte) for Float2Byte
    datascope_dp.o(i.DataScope_Get_Channel_Data) refers to datascope_dp.o(.bss) for .bss
    pid.o(i.I_Xianfu_Pulse_Number1) refers to pid.o(.data) for .data
    pid.o(i.PID_Add_Control) refers to fadd.o(.text) for __aeabi_fsub
    pid.o(i.PID_Add_Control) refers to fscalb.o(.text) for __ARM_scalbnf
    pid.o(i.PID_Add_Control) refers to fmul.o(.text) for __aeabi_fmul
    pid.o(i.PID_Add_Control) refers to ffixi.o(.text) for __aeabi_f2iz
    pid.o(i.PID_Pos_Control) refers to fadd.o(.text) for __aeabi_fsub
    pid.o(i.PID_Pos_Control) refers to fmul.o(.text) for __aeabi_fmul
    pid.o(i.PID_R_MOVE) refers to fadd.o(.text) for __aeabi_fsub
    pid.o(i.PID_R_MOVE) refers to fmul.o(.text) for __aeabi_fmul
    pid.o(i.PID_R_MOVE) refers to fdiv.o(.text) for __aeabi_fdiv
    pid.o(i.PID_SPEED_Control) refers to fadd.o(.text) for __aeabi_fsub
    pid.o(i.PID_SPEED_Control) refers to fmul.o(.text) for __aeabi_fmul
    pid.o(i.V_Xianfu_Pulse_Number1) refers to pid.o(.data) for .data
    main.o(i.Change_mode) refers to main.o(i.circle_move) for circle_move
    main.o(i.Change_mode) refers to main.o(i.square) for square
    main.o(i.Change_mode) refers to d2f.o(.text) for __aeabi_d2f
    main.o(i.Change_mode) refers to main.o(i.tangular) for tangular
    main.o(i.Change_mode) refers to main.o(.data) for .data
    main.o(i.Data_Debug) refers to datascope_dp.o(i.DataScope_Get_Channel_Data) for DataScope_Get_Channel_Data
    main.o(i.Data_Debug) refers to d2f.o(.text) for __aeabi_d2f
    main.o(i.Data_Debug) refers to fflti.o(.text) for __aeabi_i2f
    main.o(i.Data_Debug) refers to datascope_dp.o(i.DataScope_Data_Generate) for DataScope_Data_Generate
    main.o(i.Data_Debug) refers to stm32f1xx_hal_uart.o(i.HAL_UART_Transmit_IT) for HAL_UART_Transmit_IT
    main.o(i.Data_Debug) refers to main.o(.data) for .data
    main.o(i.Data_Debug) refers to datascope_dp.o(.bss) for DataScope_OutPut_Buffer
    main.o(i.Data_Debug) refers to usart.o(.bss) for huart1
    main.o(i.HAL_UART_RxCpltCallback) refers to main.o(i.openMVDataProess) for openMVDataProess
    main.o(i.HAL_UART_RxCpltCallback) refers to stm32f1xx_hal_uart.o(i.HAL_UART_Receive_IT) for HAL_UART_Receive_IT
    main.o(i.HAL_UART_RxCpltCallback) refers to main.o(i.HC05DataProess) for HC05DataProess
    main.o(i.HAL_UART_RxCpltCallback) refers to main.o(.data) for .data
    main.o(i.HAL_UART_RxCpltCallback) refers to usart.o(.bss) for huart3
    main.o(i.HC05DataProess) refers to fadd.o(.text) for __aeabi_fsub
    main.o(i.HC05DataProess) refers to main.o(.data) for .data
    main.o(i.HC05DataProess) refers to main.o(.bss) for .bss
    main.o(i.Servo1_Control) refers to dflti.o(.text) for __aeabi_i2d
    main.o(i.Servo1_Control) refers to dmul.o(.text) for __aeabi_dmul
    main.o(i.Servo1_Control) refers to dadd.o(.text) for __aeabi_dadd
    main.o(i.Servo1_Control) refers to d2f.o(.text) for __aeabi_d2f
    main.o(i.Servo1_Control) refers to ffixui.o(.text) for __aeabi_f2uiz
    main.o(i.Servo1_Control) refers to tim.o(.bss) for htim1
    main.o(i.Servo2_Control) refers to dflti.o(.text) for __aeabi_i2d
[...]
    Removing stm32f1xx_hal.o(i.HAL_Delay), (36 bytes).
    Removing stm32f1xx_hal.o(i.HAL_GetDEVID), (16 bytes).
    Removing stm32f1xx_hal.o(i.HAL_GetHalVersion), (8 bytes).
    Removing stm32f1xx_hal.o(i.HAL_GetREVID), (12 bytes).
    Removing stm32f1xx_hal.o(i.HAL_GetTickFreq), (12 bytes).
    Removing stm32f1xx_hal.o(i.HAL_GetTickPrio), (12 bytes).
    Removing stm32f1xx_hal.o(i.HAL_GetUIDw0), (12 bytes).
    Removing stm32f1xx_hal.o(i.HAL_GetUIDw1), (12 bytes).
    Removing stm32f1xx_hal.o(i.HAL_GetUIDw2), (12 bytes).
    Removing stm32f1xx_hal.o(i.HAL_MspDeInit), (2 bytes).
    Removing stm32f1xx_hal.o(i.HAL_MspInit), (2 bytes).
    Removing stm32f1xx_hal.o(i.HAL_ResumeTick), (14 bytes).
    Removing stm32f1xx_hal.o(i.HAL_SetTickFreq), (36 bytes).
    Removing stm32f1xx_hal.o(i.HAL_SuspendTick), (14 bytes).
    Removing stm32f1xx_hal_rcc.o(.rev16_text), (4 bytes).
    Removing stm32f1xx_hal_rcc.o(.revsh_text), (4 bytes).
    Removing stm32f1xx_hal_rcc.o(.rrx_text), (6 bytes).
    Removing stm32f1xx_hal_rcc.o(i.HAL_RCC_CSSCallback), (2 bytes).
    Removing stm32f1xx_hal_rcc.o(i.HAL_RCC_DeInit), (220 bytes).
    Removing stm32f1xx_hal_rcc.o(i.HAL_RCC_DisableCSS), (12 bytes).
    Removing stm32f1xx_hal_rcc.o(i.HAL_RCC_EnableCSS), (12 bytes).
    Removing stm32f1xx_hal_rcc.o(i.HAL_RCC_GetClockConfig), (64 bytes).
    Removing stm32f1xx_hal_rcc.o(i.HAL_RCC_GetHCLKFreq), (12 bytes).
    Removing stm32f1xx_hal_rcc.o(i.HAL_RCC_GetOscConfig), (144 bytes).
    Removing stm32f1xx_hal_rcc.o(i.HAL_RCC_MCOConfig), (72 bytes).
    Removing stm32f1xx_hal_rcc.o(i.HAL_RCC_NMI_IRQHandler), (24 bytes).
    Removing stm32f1xx_hal_rcc_ex.o(.rev16_text), (4 bytes).
    Removing stm32f1xx_hal_rcc_ex.o(.revsh_text), (4 bytes).
    Removing stm32f1xx_hal_rcc_ex.o(.rrx_text), (6 bytes).
    Removing stm32f1xx_hal_rcc_ex.o(i.HAL_RCCEx_GetPeriphCLKConfig), (44 bytes).
    Removing stm32f1xx_hal_rcc_ex.o(i.HAL_RCCEx_GetPeriphCLKFreq), (200 bytes).
    Removing stm32f1xx_hal_rcc_ex.o(i.HAL_RCCEx_PeriphCLKConfig), (236 bytes).
    Removing stm32f1xx_hal_gpio.o(.rev16_text), (4 bytes).
    Removing stm32f1xx_hal_gpio.o(.revsh_text), (4 bytes).
    Removing stm32f1xx_hal_gpio.o(.rrx_text), (6 bytes).
    Removing stm32f1xx_hal_gpio.o(i.HAL_GPIO_DeInit), (252 bytes).
    Removing stm32f1xx_hal_gpio.o(i.HAL_GPIO_EXTI_Callback), (2 bytes).
    Removing stm32f1xx_hal_gpio.o(i.HAL_GPIO_EXTI_IRQHandler), (24 bytes).
    Removing stm32f1xx_hal_gpio.o(i.HAL_GPIO_LockPin), (34 bytes).
    Removing stm32f1xx_hal_gpio.o(i.HAL_GPIO_ReadPin), (10 bytes).
    Removing stm32f1xx_hal_dma.o(.rev16_text), (4 bytes).
    Removing stm32f1xx_hal_dma.o(.revsh_text), (4 bytes).
    Removing stm32f1xx_hal_dma.o(.rrx_text), (6 bytes).
    Removing stm32f1xx_hal_dma.o(i.DMA_SetConfig), (42 bytes).
    Removing stm32f1xx_hal_dma.o(i.HAL_DMA_Abort), (70 bytes).
    Removing stm32f1xx_hal_dma.o(i.HAL_DMA_DeInit), (92 bytes).
    Removing stm32f1xx_hal_dma.o(i.HAL_DMA_GetError), (4 bytes).
    Removing stm32f1xx_hal_dma.o(i.HAL_DMA_GetState), (6 bytes).
    Removing stm32f1xx_hal_dma.o(i.HAL_DMA_IRQHandler), (340 bytes).
    Removing stm32f1xx_hal_dma.o(i.HAL_DMA_Init), (92 bytes).
    Removing stm32f1xx_hal_dma.o(i.HAL_DMA_PollForTransfer), (532 bytes).
    Removing stm32f1xx_hal_dma.o(i.HAL_DMA_RegisterCallback), (74 bytes).
    Removing stm32f1xx_hal_dma.o(i.HAL_DMA_Start), (80 bytes).
    Removing stm32f1xx_hal_dma.o(i.HAL_DMA_Start_IT), (112 bytes).
    Removing stm32f1xx_hal_dma.o(i.HAL_DMA_UnRegisterCallback), (82 bytes).
    Removing stm32f1xx_hal_cortex.o(.rev16_text), (4 bytes).
    Removing stm32f1xx_hal_cortex.o(.revsh_text), (4 bytes).
    Removing stm32f1xx_hal_cortex.o(.rrx_text), (6 bytes).
    Removing stm32f1xx_hal_cortex.o(i.HAL_NVIC_ClearPendingIRQ), (26 bytes).
    Removing stm32f1xx_hal_cortex.o(i.HAL_NVIC_DisableIRQ), (34 bytes).
    Removing stm32f1xx_hal_cortex.o(i.HAL_NVIC_GetActive), (36 bytes).
    Removing stm32f1xx_hal_cortex.o(i.HAL_NVIC_GetPendingIRQ), (36 bytes).
    Removing stm32f1xx_hal_cortex.o(i.HAL_NVIC_GetPriority), (82 bytes).
    Removing stm32f1xx_hal_cortex.o(i.HAL_NVIC_GetPriorityGrouping), (16 bytes).
    Removing stm32f1xx_hal_cortex.o(i.HAL_NVIC_SetPendingIRQ), (26 bytes).
    Removing stm32f1xx_hal_cortex.o(i.HAL_NVIC_SystemReset), (36 bytes).
    Removing stm32f1xx_hal_cortex.o(i.HAL_SYSTICK_CLKSourceConfig), (24 bytes).
    Removing stm32f1xx_hal_cortex.o(i.HAL_SYSTICK_Callback), (2 bytes).
    Removing stm32f1xx_hal_cortex.o(i.HAL_SYSTICK_IRQHandler), (8 bytes).
    Removing stm32f1xx_hal_pwr.o(.rev16_text), (4 bytes).
    Removing stm32f1xx_hal_pwr.o(.revsh_text), (4 bytes).
    Removing stm32f1xx_hal_pwr.o(.rrx_text), (6 bytes).
    Removing stm32f1xx_hal_pwr.o(i.HAL_PWR_ConfigPVD), (124 bytes).
    Removing stm32f1xx_hal_pwr.o(i.HAL_PWR_DeInit), (24 bytes).
    Removing stm32f1xx_hal_pwr.o(i.HAL_PWR_DisableBkUpAccess), (12 bytes).
    Removing stm32f1xx_hal_pwr.o(i.HAL_PWR_DisablePVD), (12 bytes).
    Removing stm32f1xx_hal_pwr.o(i.HAL_PWR_DisableSEVOnPend), (16 bytes).
    Removing stm32f1xx_hal_pwr.o(i.HAL_PWR_DisableSleepOnExit), (16 bytes).
    Removing stm32f1xx_hal_pwr.o(i.HAL_PWR_DisableWakeUpPin), (28 bytes).
    Removing stm32f1xx_hal_pwr.o(i.HAL_PWR_EnableBkUpAccess), (12 bytes).
    Removing stm32f1xx_hal_pwr.o(i.HAL_PWR_EnablePVD), (12 bytes).
    Removing stm32f1xx_hal_pwr.o(i.HAL_PWR_EnableSEVOnPend), (16 bytes).
    Removing stm32f1xx_hal_pwr.o(i.HAL_PWR_EnableSleepOnExit), (16 bytes).
    Removing stm32f1xx_hal_pwr.o(i.HAL_PWR_EnableWakeUpPin), (28 bytes).
    Removing stm32f1xx_hal_pwr.o(i.HAL_PWR_EnterSLEEPMode), (32 bytes).
    Removing stm32f1xx_hal_pwr.o(i.HAL_PWR_EnterSTANDBYMode), (32 bytes).
    Removing stm32f1xx_hal_pwr.o(i.HAL_PWR_EnterSTOPMode), (68 bytes).
    Removing stm32f1xx_hal_pwr.o(i.HAL_PWR_PVDCallback), (2 bytes).
    Removing stm32f1xx_hal_pwr.o(i.HAL_PWR_PVD_IRQHandler), (28 bytes).
    Removing stm32f1xx_hal_pwr.o(i.PWR_OverloadWfe), (6 bytes).
    Removing stm32f1xx_hal_flash.o(.rev16_text), (4 bytes).
    Removing stm32f1xx_hal_flash.o(.revsh_text), (4 bytes).
    Removing stm32f1xx_hal_flash.o(.rrx_text), (6 bytes).
    Removing stm32f1xx_hal_flash.o(i.FLASH_Program_HalfWord), (28 bytes).
    Removing stm32f1xx_hal_flash.o(i.FLASH_SetErrorCode), (92 bytes).
    Removing stm32f1xx_hal_flash.o(i.FLASH_WaitForLastOperation), (84 bytes).
    Removing stm32f1xx_hal_flash.o(i.HAL_FLASH_EndOfOperationCallback), (2 bytes).
    Removing stm32f1xx_hal_flash.o(i.HAL_FLASH_GetError), (12 bytes).
    Removing stm32f1xx_hal_flash.o(i.HAL_FLASH_IRQHandler), (264 bytes).
    Removing stm32f1xx_hal_flash.o(i.HAL_FLASH_Lock), (20 bytes).
    Removing stm32f1xx_hal_flash.o(i.HAL_FLASH_OB_Launch), (4 bytes).
    Removing stm32f1xx_hal_flash.o(i.HAL_FLASH_OB_Lock), (20 bytes).
    Removing stm32f1xx_hal_flash.o(i.HAL_FLASH_OB_Unlock), (36 bytes).
    Removing stm32f1xx_hal_flash.o(i.HAL_FLASH_OperationErrorCallback), (2 bytes).
    Removing stm32f1xx_hal_flash.o(i.HAL_FLASH_Program), (128 bytes).
    Removing stm32f1xx_hal_flash.o(i.HAL_FLASH_Program_IT), (100 bytes).
    Removing stm32f1xx_hal_flash.o(i.HAL_FLASH_Unlock), (40 bytes).
    Removing stm32f1xx_hal_flash.o(.bss), (32 bytes).
    Removing stm32f1xx_hal_flash_ex.o(.rev16_text), (4 bytes).
    Removing stm32f1xx_hal_flash_ex.o(.revsh_text), (4 bytes).
    Removing stm32f1xx_hal_flash_ex.o(.rrx_text), (6 bytes).
    Removing stm32f1xx_hal_flash_ex.o(i.FLASH_MassErase), (36 bytes).
    Removing stm32f1xx_hal_flash_ex.o(i.FLASH_OB_DisableWRP), (176 bytes).
    Removing stm32f1xx_hal_flash_ex.o(i.FLASH_OB_EnableWRP), (176 bytes).
    Removing stm32f1xx_hal_flash_ex.o(i.FLASH_OB_GetRDP), (24 bytes).
    Removing stm32f1xx_hal_flash_ex.o(i.FLASH_OB_RDP_LevelConfig), (100 bytes).
    Removing stm32f1xx_hal_flash_ex.o(i.FLASH_PageErase), (36 bytes).
    Removing stm32f1xx_hal_flash_ex.o(i.HAL_FLASHEx_Erase), (168 bytes).
    Removing stm32f1xx_hal_flash_ex.o(i.HAL_FLASHEx_Erase_IT), (84 bytes).
    Removing stm32f1xx_hal_flash_ex.o(i.HAL_FLASHEx_OBErase), (84 bytes).
    Removing stm32f1xx_hal_flash_ex.o(i.HAL_FLASHEx_OBGetConfig), (36 bytes).
    Removing stm32f1xx_hal_flash_ex.o(i.HAL_FLASHEx_OBGetUserData), (32 bytes).
    Removing stm32f1xx_hal_flash_ex.o(i.HAL_FLASHEx_OBProgram), (200 bytes).
    Removing stm32f1xx_hal_exti.o(.rev16_text), (4 bytes).
    Removing stm32f1xx_hal_exti.o(.revsh_text), (4 bytes).
    Removing stm32f1xx_hal_exti.o(.rrx_text), (6 bytes).
    Removing stm32f1xx_hal_exti.o(i.HAL_EXTI_ClearConfigLine), (104 bytes).
    Removing stm32f1xx_hal_exti.o(i.HAL_EXTI_ClearPending), (20 bytes).
    Removing stm32f1xx_hal_exti.o(i.HAL_EXTI_GenerateSWI), (20 bytes).
    Removing stm32f1xx_hal_exti.o(i.HAL_EXTI_GetConfigLine), (152 bytes).
    Removing stm32f1xx_hal_exti.o(i.HAL_EXTI_GetHandle), (12 bytes).
    Removing stm32f1xx_hal_exti.o(i.HAL_EXTI_GetPending), (24 bytes).
    Removing stm32f1xx_hal_exti.o(i.HAL_EXTI_IRQHandler), (36 bytes).
    Removing stm32f1xx_hal_exti.o(i.HAL_EXTI_RegisterCallback), (14 bytes).
    Removing stm32f1xx_hal_exti.o(i.HAL_EXTI_SetConfigLine), (164 bytes).
    Removing stm32f1xx_hal_uart.o(.rev16_text), (4 bytes).
    Removing stm32f1xx_hal_uart.o(.revsh_text), (4 bytes).
    Removing stm32f1xx_hal_uart.o(.rrx_text), (6 bytes).
    Removing stm32f1xx_hal_uart.o(i.HAL_HalfDuplex_EnableReceiver), (50 bytes).
    Removing stm32f1xx_hal_uart.o(i.HAL_HalfDuplex_EnableTransmitter), (50 bytes).
    Removing stm32f1xx_hal_uart.o(i.HAL_HalfDuplex_Init), (108 bytes).
    Removing stm32f1xx_hal_uart.o(i.HAL_LIN_Init), (128 bytes).
    Removing stm32f1xx_hal_uart.o(i.HAL_LIN_SendBreak), (46 bytes).
    Removing stm32f1xx_hal_uart.o(i.HAL_MultiProcessor_EnterMuteMode), (46 bytes).
    Removing stm32f1xx_hal_uart.o(i.HAL_MultiProcessor_ExitMuteMode), (46 bytes).
    Removing stm32f1xx_hal_uart.o(i.HAL_MultiProcessor_Init), (142 bytes).
    Removing stm32f1xx_hal_uart.o(i.HAL_UART_Abort), (138 bytes).
    Removing stm32f1xx_hal_uart.o(i.HAL_UART_AbortCpltCallback), (2 bytes).
    Removing stm32f1xx_hal_uart.o(i.HAL_UART_AbortReceive), (88 bytes).
    Removing stm32f1xx_hal_uart.o(i.HAL_UART_AbortReceiveCpltCallback), (2 bytes).
    Removing stm32f1xx_hal_uart.o(i.HAL_UART_AbortReceive_IT), (92 bytes).
    Removing stm32f1xx_hal_uart.o(i.HAL_UART_AbortTransmit), (78 bytes).
    Removing stm32f1xx_hal_uart.o(i.HAL_UART_AbortTransmitCpltCallback), (2 bytes).
    Removing stm32f1xx_hal_uart.o(i.HAL_UART_AbortTransmit_IT), (84 bytes).
    Removing stm32f1xx_hal_uart.o(i.HAL_UART_Abort_IT), (172 bytes).
    Removing stm32f1xx_hal_uart.o(i.HAL_UART_DMAPause), (102 bytes).
    Removing stm32f1xx_hal_uart.o(i.HAL_UART_DMAResume), (94 bytes).
    Removing stm32f1xx_hal_uart.o(i.HAL_UART_DMAStop), (88 bytes).
    Removing stm32f1xx_hal_uart.o(i.HAL_UART_DeInit), (50 bytes).
    Removing stm32f1xx_hal_uart.o(i.HAL_UART_GetError), (4 bytes).
    Removing stm32f1xx_hal_uart.o(i.HAL_UART_GetState), (10 bytes).
    Removing stm32f1xx_hal_uart.o(i.HAL_UART_MspDeInit), (2 bytes).
    Removing stm32f1xx_hal_uart.o(i.HAL_UART_MspInit), (2 bytes).
    Removing stm32f1xx_hal_uart.o(i.HAL_UART_Receive), (184 bytes).
    Removing stm32f1xx_hal_uart.o(i.HAL_UART_Receive_DMA), (152 bytes).
    Removing stm32f1xx_hal_uart.o(i.HAL_UART_RxCpltCallback), (2 bytes).
    Removing stm32f1xx_hal_uart.o(i.HAL_UART_RxHalfCpltCallback), (2 bytes).
    Removing stm32f1xx_hal_uart.o(i.HAL_UART_Transmit), (186 bytes).
    Removing stm32f1xx_hal_uart.o(i.HAL_UART_Transmit_DMA), (128 bytes).
    Removing stm32f1xx_hal_uart.o(i.HAL_UART_TxHalfCpltCallback), (2 bytes).
    Removing stm32f1xx_hal_uart.o(i.UART_DMAError), (74 bytes).
    Removing stm32f1xx_hal_uart.o(i.UART_DMAReceiveCplt), (60 bytes).
    Removing stm32f1xx_hal_uart.o(i.UART_DMARxAbortCallback), (42 bytes).
    Removing stm32f1xx_hal_uart.o(i.UART_DMARxHalfCplt), (10 bytes).
    Removing stm32f1xx_hal_uart.o(i.UART_DMARxOnlyAbortCallback), (20 bytes).
    Removing stm32f1xx_hal_uart.o(i.UART_DMATransmitCplt), (46 bytes).
    Removing stm32f1xx_hal_uart.o(i.UART_DMATxAbortCallback), (42 bytes).
    Removing stm32f1xx_hal_uart.o(i.UART_DMATxHalfCplt), (10 bytes).
    Removing stm32f1xx_hal_uart.o(i.UART_DMATxOnlyAbortCallback), (20 bytes).
    Removing stm32f1xx_hal_uart.o(i.UART_EndTxTransfer), (18 bytes).
    Removing stm32f1xx_hal_uart.o(i.UART_WaitOnFlagUntilTimeout), (100 bytes).
    Removing system_stm32f1xx.o(.rev16_text), (4 bytes).
    Removing system_stm32f1xx.o(.revsh_text), (4 bytes).
    Removing system_stm32f1xx.o(.rrx_text), (6 bytes).
    Removing system_stm32f1xx.o(i.SystemCoreClockUpdate), (104 bytes).
    Removing dflti.o(.text), (34 bytes).
    Removing ffixi.o(.text), (50 bytes).

373 unused section(s) (total 21455 bytes) removed from the image.

==============================================================================

Image Symbol Table

    Local Symbols

    Symbol Name                              Value     Ov Type        Size  Object(Section)

    ../Core/Src/gpio.c                       0x00000000   Number         0  gpio.o ABSOLUTE
    ../Core/Src/main.c                       0x00000000   Number         0  main.o ABSOLUTE
    ../Core/Src/stm32f1xx_hal_msp.c          0x00000000   Number         0  stm32f1xx_hal_msp.o ABSOLUTE
    ../Core/Src/stm32f1xx_it.c               0x00000000   Number         0  stm32f1xx_it.o ABSOLUTE
    ../Core/Src/system_stm32f1xx.c           0x00000000   Number         0  system_stm32f1xx.o ABSOLUTE
    ../Core/Src/tim.c                        0x00000000   Number         0  tim.o ABSOLUTE
    ../Core/Src/usart.c                      0x00000000   Number         0  usart.o ABSOLUTE
    ../Drivers/STM32F1xx_HAL_Driver/Src/stm32f1xx_hal.c 0x00000000   Number         0  stm32f1xx_hal.o ABSOLUTE
    ../Drivers/STM32F1xx_HAL_Driver/Src/stm32f1xx_hal_cortex.c 0x00000000   Number         0  stm32f1xx_hal_cortex.o ABSOLUTE
    ../Drivers/STM32F1xx_HAL_Driver/Src/stm32f1xx_hal_dma.c 0x00000000   Number         0  stm32f1xx_hal_dma.o ABSOLUTE
    ../Drivers/STM32F1xx_HAL_Driver/Src/stm32f1xx_hal_exti.c 0x00000000   Number         0  stm32f1xx_hal_exti.o ABSOLUTE
    ../Drivers/STM32F1xx_HAL_Driver/Src/stm32f1xx_hal_flash.c 0x00000000   Number         0  stm32f1xx_hal_flash.o ABSOLUTE
    ../Drivers/STM32F1xx_HAL_Driver/Src/stm32f1xx_hal_flash_ex.c 0x00000000   Number         0  stm32f1xx_hal_flash_ex.o ABSOLUTE
    ../Drivers/STM32F1xx_HAL_Driver/Src/stm32f1xx_hal_gpio.c 0x00000000   Number         0  stm32f1xx_hal_gpio.o ABSOLUTE
    ../Drivers/STM32F1xx_HAL_Driver/Src/stm32f1xx_hal_gpio_ex.c 0x00000000   Number         0  stm32f1xx_hal_gpio_ex.o ABSOLUTE
    ../Drivers/STM32F1xx_HAL_Driver/Src/stm32f1xx_hal_pwr.c 0x00000000   Number         0  stm32f1xx_hal_pwr.o ABSOLUTE
    ../Drivers/STM32F1xx_HAL_Driver/Src/stm32f1xx_hal_rcc.c 0x00000000   Number         0  stm32f1xx_hal_rcc.o ABSOLUTE
    ../Drivers/STM32F1xx_HAL_Driver/Src/stm32f1xx_hal_rcc_ex.c 0x00000000   Number         0  stm32f1xx_hal_rcc_ex.o ABSOLUTE
    ../Drivers/STM32F1xx_HAL_Driver/Src/stm32f1xx_hal_tim.c 0x00000000   Number         0  stm32f1xx_hal_tim.o ABSOLUTE
    ../Drivers/STM32F1xx_HAL_Driver/Src/stm32f1xx_hal_tim_ex.c 0x00000000   Number         0  stm32f1xx_hal_tim_ex.o ABSOLUTE
    ../Drivers/STM32F1xx_HAL_Driver/Src/stm32f1xx_hal_uart.c 0x00000000   Number         0  stm32f1xx_hal_uart.o ABSOLUTE
    ../clib/../cmprslib/lz77c.c              0x00000000   Number         0  __dclz77c.o ABSOLUTE
    ../clib/microlib/errno.c                 0x00000000   Number         0  errno.o ABSOLUTE
    ../clib/microlib/init/entry.s            0x00000000   Number         0  entry9a.o ABSOLUTE
    ../clib/microlib/init/entry.s            0x00000000   Number         0  entry8b.o ABSOLUTE
    ../clib/microlib/init/entry.s            0x00000000   Number         0  entry8a.o ABSOLUTE
    ../clib/microlib/init/entry.s            0x00000000   Number         0  entry7b.o ABSOLUTE
    ../clib/microlib/init/entry.s            0x00000000   Number         0  entry7a.o ABSOLUTE
    ../clib/microlib/init/entry.s            0x00000000   Number         0  entry9b.o ABSOLUTE
    ../clib/microlib/init/entry.s            0x00000000   Number         0  entry2.o ABSOLUTE
    ../clib/microlib/init/entry.s            0x00000000   Number         0  entry5.o ABSOLUTE
    ../clib/microlib/init/entry.s            0x00000000   Number         0  entry11b.o ABSOLUTE
    ../clib/microlib/init/entry.s            0x00000000   Number         0  entry11a.o ABSOLUTE
    ../clib/microlib/init/entry.s            0x00000000   Number         0  entry.o ABSOLUTE
    ../clib/microlib/init/entry.s            0x00000000   Number         0  entry10b.o ABSOLUTE
    ../clib/microlib/init/entry.s            0x00000000   Number         0  entry10a.o ABSOLUTE
    ../clib/microlib/longlong.c              0x00000000   Number         0  llsshr.o ABSOLUTE
    ../clib/microlib/longlong.c              0x00000000   Number         0  llushr.o ABSOLUTE
    ../clib/microlib/longlong.c              0x00000000   Number         0  llshl.o ABSOLUTE
    ../clib/microlib/string/memset.c         0x00000000   Number         0  memseta.o ABSOLUTE
    ../clib/microlib/stubs.s                 0x00000000   Number         0  iusefp.o ABSOLUTE
    ../fplib/microlib/d2f.c                  0x00000000   Number         0  d2f.o ABSOLUTE
    ../fplib/microlib/f2d.c                  0x00000000   Number         0  f2d.o ABSOLUTE
    ../fplib/microlib/fpadd.c                0x00000000   Number         0  dadd.o ABSOLUTE
    ../fplib/microlib/fpadd.c                0x00000000   Number         0  fadd.o ABSOLUTE
    ../fplib/microlib/fpdiv.c                0x00000000   Number         0  fdiv.o ABSOLUTE
    ../fplib/microlib/fpepilogue.c           0x00000000   Number         0  depilogue.o ABSOLUTE
    ../fplib/microlib/fpepilogue.c           0x00000000   Number         0  fepilogue.o ABSOLUTE
    ../fplib/microlib/fpfix.c                0x00000000   Number         0  ffixi.o ABSOLUTE
    ../fplib/microlib/fpfix.c                0x00000000   Number         0  ffixui.o ABSOLUTE
    ../fplib/microlib/fpflt.c                0x00000000   Number         0  dfltui.o ABSOLUTE
    ../fplib/microlib/fpflt.c                0x00000000   Number         0  fflti.o ABSOLUTE
    ../fplib/microlib/fpflt.c                0x00000000   Number         0  ffltui.o ABSOLUTE
    ../fplib/microlib/fpflt.c                0x00000000   Number         0  dflti.o ABSOLUTE
    ../fplib/microlib/fpmul.c                0x00000000   Number         0  dmul.o ABSOLUTE
    ../fplib/microlib/fpmul.c                0x00000000   Number         0  fmul.o ABSOLUTE
    ../fplib/microlib/fpscalb.c              0x00000000   Number         0  fscalb.o ABSOLUTE
    ../fplib/microlib/fpsqrt.c               0x00000000   Number         0  dsqrt.o ABSOLUTE
    ../mathlib/sqrt.c                        0x00000000   Number         0  sqrt.o ABSOLUTE
    ../mathlib/sqrt.c                        0x00000000   Number         0  sqrt_x.o ABSOLUTE
    ..\Core\Src\DataScope_DP.C               0x00000000   Number         0  datascope_dp.o ABSOLUTE
    ..\Core\Src\gpio.c                       0x00000000   Number         0  gpio.o ABSOLUTE
    ..\Core\Src\main.c                       0x00000000   Number         0  main.o ABSOLUTE
    ..\Core\Src\pid.c                        0x00000000   Number         0  pid.o ABSOLUTE
    ..\Core\Src\stm32f1xx_hal_msp.c          0x00000000   Number         0  stm32f1xx_hal_msp.o ABSOLUTE
    ..\Core\Src\stm32f1xx_it.c               0x00000000   Number         0  stm32f1xx_it.o ABSOLUTE
    ..\Core\Src\system_stm32f1xx.c           0x00000000   Number         0  system_stm32f1xx.o ABSOLUTE
    ..\Core\Src\tim.c                        0x00000000   Number         0  tim.o ABSOLUTE
    ..\Core\Src\usart.c                      0x00000000   Number         0  usart.o ABSOLUTE
    ..\Drivers\STM32F1xx_HAL_Driver\Src\stm32f1xx_hal.c 0x00000000   Number         0  stm32f1xx_hal.o ABSOLUTE
    ..\Drivers\STM32F1xx_HAL_Driver\Src\stm32f1xx_hal_cortex.c 0x00000000   Number         0  stm32f1xx_hal_cortex.o ABSOLUTE
    ..\Drivers\STM32F1xx_HAL_Driver\Src\stm32f1xx_hal_dma.c 0x00000000   Number         0  stm32f1xx_hal_dma.o ABSOLUTE
    ..\Drivers\STM32F1xx_HAL_Driver\Src\stm32f1xx_hal_exti.c 0x00000000   Number         0  stm32f1xx_hal_exti.o ABSOLUTE
    ..\Drivers\STM32F1xx_HAL_Driver\Src\stm32f1xx_hal_flash.c 0x00000000   Number         0  stm32f1xx_hal_flash.o ABSOLUTE
    ..\Drivers\STM32F1xx_HAL_Driver\Src\stm32f1xx_hal_flash_ex.c 0x00000000   Number         0  stm32f1xx_hal_flash_ex.o ABSOLUTE
    ..\Drivers\STM32F1xx_HAL_Driver\Src\stm32f1xx_hal_gpio.c 0x00000000   Number         0  stm32f1xx_hal_gpio.o ABSOLUTE
    ..\Drivers\STM32F1xx_HAL_Driver\Src\stm32f1xx_hal_gpio_ex.c 0x00000000   Number         0  stm32f1xx_hal_gpio_ex.o ABSOLUTE
    ..\Drivers\STM32F1xx_HAL_Driver\Src\stm32f1xx_hal_pwr.c 0x00000000   Number         0  stm32f1xx_hal_pwr.o ABSOLUTE
    ..\Drivers\STM32F1xx_HAL_Driver\Src\stm32f1xx_hal_rcc.c 0x00000000   Number         0  stm32f1xx_hal_rcc.o ABSOLUTE
    ..\Drivers\STM32F1xx_HAL_Driver\Src\stm32f1xx_hal_rcc_ex.c 0x00000000   Number         0  stm32f1xx_hal_rcc_ex.o ABSOLUTE
    ..\Drivers\STM32F1xx_HAL_Driver\Src\stm32f1xx_hal_tim.c 0x00000000   Number         0  stm32f1xx_hal_tim.o ABSOLUTE
    ..\Drivers\STM32F1xx_HAL_Driver\Src\stm32f1xx_hal_tim_ex.c 0x00000000   Number         0  stm32f1xx_hal_tim_ex.o ABSOLUTE
    ..\Drivers\STM32F1xx_HAL_Driver\Src\stm32f1xx_hal_uart.c 0x00000000   Number         0  stm32f1xx_hal_uart.o ABSOLUTE
    cdcmple.s                                0x00000000   Number         0  cdcmple.o ABSOLUTE
    cdrcmple.s                               0x00000000   Number         0  cdrcmple.o ABSOLUTE
    cfcmple.s                                0x00000000   Number         0  cfcmple.o ABSOLUTE
    cfrcmple.s                               0x00000000   Number         0  cfrcmple.o ABSOLUTE
    dc.s                                     0x00000000   Number         0  dc.o ABSOLUTE
    handlers.s                               0x00000000   Number         0  handlers.o ABSOLUTE
    init.s                                   0x00000000   Number         0  init.o ABSOLUTE
    startup_stm32f103xb.s                    0x00000000   Number         0  startup_stm32f103xb.o ABSOLUTE
    RESET                                    0x08000000   Section      236  startup_stm32f103xb.o(RESET)
    .ARM.Collect$$$$00000000                 0x080000ec   Section        0  entry.o(.ARM.Collect$$$$00000000)
    .ARM.Collect$$$$00000001                 0x080000ec   Section        4  entry2.o(.ARM.Collect$$$$00000001)
    .ARM.Collect$$$$00000004                 0x080000f0   Section        4  entry5.o(.ARM.Collect$$$$00000004)
    .ARM.Collect$$$$00000008                 0x080000f4   Section        0  entry7b.o(.ARM.Collect$$$$00000008)
    .ARM.Collect$$$$0000000A                 0x080000f4   Section        0  entry8b.o(.ARM.Collect$$$$0000000A)
    .ARM.Collect$$$$0000000B                 0x080000f4   Section        8  entry9a.o(.ARM.Collect$$$$0000000B)
    .ARM.Collect$$$$0000000D                 0x080000fc   Section        0  entry10a.o(.ARM.Collect$$$$0000000D)
    .ARM.Collect$$$$0000000F                 0x080000fc   Section        0  entry11a.o(.ARM.Collect$$$$0000000F)
    .ARM.Collect$$$$00002712                 0x080000fc   Section        4  entry2.o(.ARM.Collect$$$$00002712)
    __lit__00000000                          0x080000fc   Data           4  entry2.o(.ARM.Collect$$$$00002712)
    .text                                    0x08000100   Section       36  startup_stm32f103xb.o(.text)
    .text                                    0x08000124   Section        0  llushr.o(.text)
    .text                                    0x08000144   Section        0  memseta.o(.text)
    .text                                    0x08000168   Section        0  fadd.o(.text)
    .text                                    0x08000218   Section        0  fmul.o(.text)
    .text                                    0x0800027c   Section        0  fdiv.o(.text)
    .text                                    0x080002f8   Section        0  fscalb.o(.text)
    .text                                    0x08000310   Section        0  dadd.o(.text)
    .text                                    0x0800045e   Section        0  dmul.o(.text)
    .text                                    0x08000542   Section        0  fflti.o(.text)
    .text                                    0x08000554   Section        0  ffltui.o(.text)
    .text                                    0x0800055e   Section        0  dfltui.o(.text)
    .text                                    0x08000578   Section        0  ffixui.o(.text)
    .text                                    0x080005a0   Section        0  f2d.o(.text)
    .text                                    0x080005c8   Section       48  cdcmple.o(.text)
    .text                                    0x080005f8   Section       48  cdrcmple.o(.text)
    .text                                    0x08000628   Section        0  d2f.o(.text)
    .text                                    0x08000660   Section       20  cfcmple.o(.text)
    .text                                    0x08000674   Section       20  cfrcmple.o(.text)
    .text                                    0x08000688   Section        0  llshl.o(.text)
    .text                                    0x080006a6   Section        0  llsshr.o(.text)
    .text                                    0x080006ca   Section        0  fepilogue.o(.text)
    .text                                    0x080006ca   Section        0  iusefp.o(.text)
    .text                                    0x08000738   Section        0  depilogue.o(.text)
    .text                                    0x080007f2   Section        0  dsqrt.o(.text)
    .text                                    0x08000894   Section       36  init.o(.text)
    .text                                    0x080008b8   Section        0  __dclz77c.o(.text)
    i.BusFault_Handler                       0x08000916   Section        0  stm32f1xx_it.o(i.BusFault_Handler)
    i.Change_mode                            0x08000918   Section        0  main.o(i.Change_mode)
    i.DataScope_Data_Generate                0x0800099c   Section        0  datascope_dp.o(i.DataScope_Data_Generate)
    i.DataScope_Get_Channel_Data             0x08000a1c   Section        0  datascope_dp.o(i.DataScope_Get_Channel_Data)
    i.Data_Debug                             0x08000a70   Section        0  main.o(i.Data_Debug)
    i.DebugMon_Handler                       0x08000aec   Section        0  stm32f1xx_it.o(i.DebugMon_Handler)
    i.Error_Handler                          0x08000aee   Section        0  main.o(i.Error_Handler)
    i.Float2Byte                             0x08000af0   Section        0  datascope_dp.o(i.Float2Byte)
    i.HAL_DMA_Abort_IT                       0x08000b04   Section        0  stm32f1xx_hal_dma.o(i.HAL_DMA_Abort_IT)
    i.HAL_GPIO_Init                          0x08000b9c   Section        0  stm32f1xx_hal_gpio.o(i.HAL_GPIO_Init)
    i.HAL_GPIO_TogglePin                     0x08000d7c   Section        0  stm32f1xx_hal_gpio.o(i.HAL_GPIO_TogglePin)
    i.HAL_GPIO_WritePin                      0x08000d8a   Section        0  stm32f1xx_hal_gpio.o(i.HAL_GPIO_WritePin)
    i.HAL_GetTick                            0x08000d94   Section        0  stm32f1xx_hal.o(i.HAL_GetTick)
    i.HAL_IncTick                            0x08000da0   Section        0  stm32f1xx_hal.o(i.HAL_IncTick)
    i.HAL_Init                               0x08000db0   Section        0  stm32f1xx_hal.o(i.HAL_Init)
    i.HAL_InitTick                           0x08000dd4   Section        0  stm32f1xx_hal.o(i.HAL_InitTick)
    i.HAL_MspInit                            0x08000e14   Section        0  stm32f1xx_hal_msp.o(i.HAL_MspInit)
    i.HAL_NVIC_EnableIRQ                     0x08000e50   Section        0  stm32f1xx_hal_cortex.o(i.HAL_NVIC_EnableIRQ)
    i.HAL_NVIC_SetPriority                   0x08000e6c   Section        0  stm32f1xx_hal_cortex.o(i.HAL_NVIC_SetPriority)
    i.HAL_NVIC_SetPriorityGrouping           0x08000eac   Section        0  stm32f1xx_hal_cortex.o(i.HAL_NVIC_SetPriorityGrouping)
    i.HAL_RCC_ClockConfig                    0x08000ed0   Section        0  stm32f1xx_hal_rcc.o(i.HAL_RCC_ClockConfig)
    i.HAL_RCC_GetPCLK1Freq                   0x08000ffc   Section        0  stm32f1xx_hal_rcc.o(i.HAL_RCC_GetPCLK1Freq)
    i.HAL_RCC_GetPCLK2Freq                   0x0800101c   Section        0  stm32f1xx_hal_rcc.o(i.HAL_RCC_GetPCLK2Freq)
    i.HAL_RCC_GetSysClockFreq                0x0800103c   Section        0  stm32f1xx_hal_rcc.o(i.HAL_RCC_GetSysClockFreq)
    i.HAL_RCC_OscConfig                      0x080010a8   Section        0  stm32f1xx_hal_rcc.o(i.HAL_RCC_OscConfig)
    i.HAL_SYSTICK_Config                     0x080013c8   Section        0  stm32f1xx_hal_cortex.o(i.HAL_SYSTICK_Config)
    i.HAL_TIMEx_BreakCallback                0x080013f0   Section        0  stm32f1xx_hal_tim_ex.o(i.HAL_TIMEx_BreakCallback)
    i.HAL_TIMEx_CommutCallback               0x080013f2   Section        0  stm32f1xx_hal_tim_ex.o(i.HAL_TIMEx_CommutCallback)
    i.HAL_TIMEx_ConfigBreakDeadTime          0x080013f4   Section        0  stm32f1xx_hal_tim_ex.o(i.HAL_TIMEx_ConfigBreakDeadTime)
    i.HAL_TIMEx_MasterConfigSynchronization  0x08001448   Section        0  stm32f1xx_hal_tim_ex.o(i.HAL_TIMEx_MasterConfigSynchronization)
    i.HAL_TIM_Base_Init                      0x0800148a   Section        0  stm32f1xx_hal_tim.o(i.HAL_TIM_Base_Init)
    i.HAL_TIM_Base_MspInit                   0x080014c0   Section        0  tim.o(i.HAL_TIM_Base_MspInit)
    i.HAL_TIM_Base_Start_IT                  0x0800152c   Section        0  stm32f1xx_hal_tim.o(i.HAL_TIM_Base_Start_IT)
    i.HAL_TIM_ConfigClockSource              0x0800154e   Section        0  stm32f1xx_hal_tim.o(i.HAL_TIM_ConfigClockSource)
    i.HAL_TIM_IC_CaptureCallback             0x08001624   Section        0  stm32f1xx_hal_tim.o(i.HAL_TIM_IC_CaptureCallback)
    i.HAL_TIM_IRQHandler                     0x08001626   Section        0  stm32f1xx_hal_tim.o(i.HAL_TIM_IRQHandler)
    i.HAL_TIM_MspPostInit                    0x0800178c   Section        0  tim.o(i.HAL_TIM_MspPostInit)
    i.HAL_TIM_OC_DelayElapsedCallback        0x080017ec   Section        0  stm32f1xx_hal_tim.o(i.HAL_TIM_OC_DelayElapsedCallback)
    i.HAL_TIM_PWM_ConfigChannel              0x080017ee   Section        0  stm32f1xx_hal_tim.o(i.HAL_TIM_PWM_ConfigChannel)
    i.HAL_TIM_PWM_Init                       0x080018be   Section        0  stm32f1xx_hal_tim.o(i.HAL_TIM_PWM_Init)
    i.HAL_TIM_PWM_MspInit                    0x080018f4   Section        0  stm32f1xx_hal_tim.o(i.HAL_TIM_PWM_MspInit)
    i.HAL_TIM_PWM_PulseFinishedCallback      0x080018f6   Section        0  stm32f1xx_hal_tim.o(i.HAL_TIM_PWM_PulseFinishedCallback)
    i.HAL_TIM_PWM_Start                      0x080018f8   Section        0  stm32f1xx_hal_tim.o(i.HAL_TIM_PWM_Start)
    i.HAL_TIM_PeriodElapsedCallback          0x08001930   Section        0  tim.o(i.HAL_TIM_PeriodElapsedCallback)
    i.HAL_TIM_TriggerCallback                0x08001984   Section        0  stm32f1xx_hal_tim.o(i.HAL_TIM_TriggerCallback)
    i.HAL_UART_ErrorCallback                 0x08001986   Section        0  stm32f1xx_hal_uart.o(i.HAL_UART_ErrorCallback)
    i.HAL_UART_IRQHandler                    0x08001988   Section        0  stm32f1xx_hal_uart.o(i.HAL_UART_IRQHandler)
    i.HAL_UART_Init                          0x08001a98   Section        0  stm32f1xx_hal_uart.o(i.HAL_UART_Init)
    i.HAL_UART_MspInit                       0x08001afc   Section        0  usart.o(i.HAL_UART_MspInit)
    i.HAL_UART_Receive_IT                    0x08001be4   Section        0  stm32f1xx_hal_uart.o(i.HAL_UART_Receive_IT)
    i.HAL_UART_RxCpltCallback                0x08001c38   Section        0  main.o(i.HAL_UART_RxCpltCallback)
    i.HAL_UART_Transmit_IT                   0x08001c90   Section        0  stm32f1xx_hal_uart.o(i.HAL_UART_Transmit_IT)
    i.HAL_UART_TxCpltCallback                0x08001cce   Section        0  stm32f1xx_hal_uart.o(i.HAL_UART_TxCpltCallback)
    i.HC05DataProess                         0x08001cd0   Section        0  main.o(i.HC05DataProess)
    i.HardFault_Handler                      0x08001d64   Section        0  stm32f1xx_it.o(i.HardFault_Handler)
    i.MX_GPIO_Init                           0x08001d68   Section        0  gpio.o(i.MX_GPIO_Init)
    i.MX_TIM1_Init                           0x08001dd8   Section        0  tim.o(i.MX_TIM1_Init)
    i.MX_TIM2_Init                           0x08001eb0   Section        0  tim.o(i.MX_TIM2_Init)
    i.MX_TIM4_Init                           0x08001f18   Section        0  tim.o(i.MX_TIM4_Init)
    i.MX_USART1_UART_Init                    0x08001f80   Section        0  usart.o(i.MX_USART1_UART_Init)
    i.MX_USART3_UART_Init                    0x08001fb8   Section        0  usart.o(i.MX_USART3_UART_Init)
    i.MemManage_Handler                      0x08001ff0   Section        0  stm32f1xx_it.o(i.MemManage_Handler)
    i.NMI_Handler                            0x08001ff2   Section        0  stm32f1xx_it.o(i.NMI_Handler)
    i.PID_Init                               0x08001ff4   Section        0  pid.o(i.PID_Init)
    i.PID_Pos_Control                        0x08002010   Section        0  pid.o(i.PID_Pos_Control)
    i.PID_R_MOVE                             0x08002094   Section        0  pid.o(i.PID_R_MOVE)
    i.PID_SPEED_Control                      0x0800213c   Section        0  pid.o(i.PID_SPEED_Control)
    i.PendSV_Handler                         0x08002180   Section        0  stm32f1xx_it.o(i.PendSV_Handler)
    i.SVC_Handler                            0x08002182   Section        0  stm32f1xx_it.o(i.SVC_Handler)
    i.SysTick_Handler                        0x08002184   Section        0  stm32f1xx_it.o(i.SysTick_Handler)
    i.SystemClock_Config                     0x08002188   Section        0  main.o(i.SystemClock_Config)
    i.SystemInit                             0x080021d8   Section        0  system_stm32f1xx.o(i.SystemInit)
    i.TIM2_IRQHandler                        0x08002220   Section        0  stm32f1xx_it.o(i.TIM2_IRQHandler)
    i.TIM_Base_SetConfig                     0x0800222c   Section        0  stm32f1xx_hal_tim.o(i.TIM_Base_SetConfig)
    i.TIM_CCxChannelCmd                      0x08002298   Section        0  stm32f1xx_hal_tim.o(i.TIM_CCxChannelCmd)
    i.TIM_ETR_SetConfig                      0x080022b2   Section        0  stm32f1xx_hal_tim.o(i.TIM_ETR_SetConfig)
    i.TIM_ITRx_SetConfig                     0x080022c6   Section        0  stm32f1xx_hal_tim.o(i.TIM_ITRx_SetConfig)
    TIM_ITRx_SetConfig                       0x080022c7   Thumb Code    16  stm32f1xx_hal_tim.o(i.TIM_ITRx_SetConfig)
    i.TIM_OC1_SetConfig                      0x080022d8   Section        0  stm32f1xx_hal_tim.o(i.TIM_OC1_SetConfig)
    TIM_OC1_SetConfig                        0x080022d9   Thumb Code    74  stm32f1xx_hal_tim.o(i.TIM_OC1_SetConfig)
    i.TIM_OC2_SetConfig                      0x08002328   Section        0  stm32f1xx_hal_tim.o(i.TIM_OC2_SetConfig)
    i.TIM_OC3_SetConfig                      0x08002380   Section        0  stm32f1xx_hal_tim.o(i.TIM_OC3_SetConfig)
    TIM_OC3_SetConfig                        0x08002381   Thumb Code    82  stm32f1xx_hal_tim.o(i.TIM_OC3_SetConfig)
    i.TIM_OC4_SetConfig                      0x080023d8   Section        0  stm32f1xx_hal_tim.o(i.TIM_OC4_SetConfig)
    TIM_OC4_SetConfig                        0x080023d9   Thumb Code    64  stm32f1xx_hal_tim.o(i.TIM_OC4_SetConfig)
    i.TIM_TI1_ConfigInputStage               0x0800241c   Section        0  stm32f1xx_hal_tim.o(i.TIM_TI1_ConfigInputStage)
    TIM_TI1_ConfigInputStage                 0x0800241d   Thumb Code    34  stm32f1xx_hal_tim.o(i.TIM_TI1_ConfigInputStage)
    i.TIM_TI2_ConfigInputStage               0x0800243e   Section        0  stm32f1xx_hal_tim.o(i.TIM_TI2_ConfigInputStage)
    TIM_TI2_ConfigInputStage                 0x0800243f   Thumb Code    36  stm32f1xx_hal_tim.o(i.TIM_TI2_ConfigInputStage)
    i.UART_DMAAbortOnError                   0x08002462   Section        0  stm32f1xx_hal_uart.o(i.UART_DMAAbortOnError)
    UART_DMAAbortOnError                     0x08002463   Thumb Code    16  stm32f1xx_hal_uart.o(i.UART_DMAAbortOnError)
    i.UART_EndRxTransfer                     0x08002472   Section        0  stm32f1xx_hal_uart.o(i.UART_EndRxTransfer)
    UART_EndRxTransfer                       0x08002473   Thumb Code    28  stm32f1xx_hal_uart.o(i.UART_EndRxTransfer)
    i.UART_Receive_IT                        0x0800248e   Section        0  stm32f1xx_hal_uart.o(i.UART_Receive_IT)
    UART_Receive_IT                          0x0800248f   Thumb Code   150  stm32f1xx_hal_uart.o(i.UART_Receive_IT)
    i.UART_SetConfig                         0x08002524   Section        0  stm32f1xx_hal_uart.o(i.UART_SetConfig)
    UART_SetConfig                           0x08002525   Thumb Code   178  stm32f1xx_hal_uart.o(i.UART_SetConfig)
    i.UART_Transmit_IT                       0x080025dc   Section        0  stm32f1xx_hal_uart.o(i.UART_Transmit_IT)
    UART_Transmit_IT                         0x080025dd   Thumb Code    98  stm32f1xx_hal_uart.o(i.UART_Transmit_IT)
    i.USART1_IRQHandler                      0x08002640   Section        0  stm32f1xx_it.o(i.USART1_IRQHandler)
    i.USART3_IRQHandler                      0x0800264c   Section        0  stm32f1xx_it.o(i.USART3_IRQHandler)
    i.UsageFault_Handler                     0x08002658   Section        0  stm32f1xx_it.o(i.UsageFault_Handler)
    i.X_Servo_Control                        0x0800265c   Section        0  main.o(i.X_Servo_Control)
    i.Y_Servo_Control                        0x08002690   Section        0  main.o(i.Y_Servo_Control)
    i.__NVIC_SetPriority                     0x080026c4   Section        0  stm32f1xx_hal_cortex.o(i.__NVIC_SetPriority)
    __NVIC_SetPriority                       0x080026c5   Thumb Code    32  stm32f1xx_hal_cortex.o(i.__NVIC_SetPriority)
    i.__scatterload_copy                     0x080026e4   Section       14  handlers.o(i.__scatterload_copy)
    i.__scatterload_null                     0x080026f2   Section        2  handlers.o(i.__scatterload_null)
    i.__scatterload_zeroinit                 0x080026f4   Section       14  handlers.o(i.__scatterload_zeroinit)
    i.__set_errno                            0x08002704   Section        0  errno.o(i.__set_errno)
    i.circle_move                            0x08002710   Section        0  main.o(i.circle_move)
    i.getTime10MsFlag                        0x0800283c   Section        0  tim.o(i.getTime10MsFlag)
    i.getTimeSFlag                           0x08002854   Section        0  tim.o(i.getTimeSFlag)
    i.main                                   0x0800286c   Section        0  main.o(i.main)
    i.openMVDataProess                       0x08002b80   Section        0  main.o(i.openMVDataProess)
    i.sqrt                                   0x08002cbc   Section        0  sqrt.o(i.sqrt)
    i.square                                 0x08002d08   Section        0  main.o(i.square)
    i.tangular                               0x08002dc8   Section        0  main.o(i.tangular)
    .constdata                               0x08002fc4   Section       16  system_stm32f1xx.o(.constdata)
    .constdata                               0x08002fd4   Section        8  system_stm32f1xx.o(.constdata)
    .data                                    0x20000000   Section     6000  main.o(.data)
    flag1                                    0x20000004   Data           1  main.o(.data)
    flag2                                    0x20000005   Data           1  main.o(.data)
    MoveTimeCnt                              0x200000b4   Data           4  main.o(.data)
    MoveTimeCnt                              0x200000b8   Data           4  main.o(.data)
    criclecount                              0x200000bc   Data           4  main.o(.data)
    outradiu                                 0x200000e8   Data           8  main.o(.data)
    .data                                    0x20001770   Section       20  tim.o(.data)
    .data                                    0x20001784   Section       12  stm32f1xx_hal.o(.data)
    .data                                    0x20001790   Section        4  system_stm32f1xx.o(.data)
    .data                                    0x20001794   Section        4  errno.o(.data)
    _errno                                   0x20001794   Data           4  errno.o(.data)
    .bss                                     0x20001798   Section       42  datascope_dp.o(.bss)
    .bss                                     0x200017c4   Section      670  main.o(.bss)
    .bss                                     0x20001a64   Section      192  tim.o(.bss)
    .bss                                     0x20001b24   Section      128  usart.o(.bss)
    STACK                                    0x20001ba8   Section     1024  startup_stm32f103xb.o(STACK)

    Global Symbols

    Symbol Name                              Value     Ov Type        Size  Object(Section)

    BuildAttributes$$THM_ISAv4$P$D$K$B$S$PE$A:L22UL41UL21$X:L11$S22US41US21$IEEE1$IW$USESV6$~STKCKD$USESV7$~SHL$OTIME$ROPI$IEEEJ$EBA8$MICROLIB$REQ8$PRES8$EABIv2 0x00000000   Number         0  anon$$obj.o ABSOLUTE
    __ARM_use_no_argv                        0x00000000   Number         0  main.o ABSOLUTE
    __cpp_initialize__aeabi_                  - Undefined Weak Reference
    __cxa_finalize                            - Undefined Weak Reference
    _clock_init                               - Undefined Weak Reference
    _microlib_exit                            - Undefined Weak Reference
    __Vectors_Size                           0x000000ec   Number         0  startup_stm32f103xb.o ABSOLUTE
    __Vectors                                0x08000000   Data           4  startup_stm32f103xb.o(RESET)
    __Vectors_End                            0x080000ec   Data           0  startup_stm32f103xb.o(RESET)
    __main                                   0x080000ed   Thumb Code     0  entry.o(.ARM.Collect$$$$00000000)
    _main_stk                                0x080000ed   Thumb Code     0  entry2.o(.ARM.Collect$$$$00000001)
    _main_scatterload                        0x080000f1   Thumb Code     0  entry5.o(.ARM.Collect$$$$00000004)
    __main_after_scatterload                 0x080000f5   Thumb Code     0  entry5.o(.ARM.Collect$$$$00000004)
    _main_clock                              0x080000f5   Thumb Code     0  entry7b.o(.ARM.Collect$$$$00000008)
    _main_cpp_init                           0x080000f5   Thumb Code     0  entry8b.o(.ARM.Collect$$$$0000000A)
    _main_init                               0x080000f5   Thumb Code     0  entry9a.o(.ARM.Collect$$$$0000000B)
    __rt_final_cpp                           0x080000fd   Thumb Code     0  entry10a.o(.ARM.Collect$$$$0000000D)
    __rt_final_exit                          0x080000fd   Thumb Code     0  entry11a.o(.ARM.Collect$$$$0000000F)
    Reset_Handler                            0x08000101   Thumb Code     8  startup_stm32f103xb.o(.text)
    ADC1_2_IRQHandler                        0x0800011b   Thumb Code     0  startup_stm32f103xb.o(.text)
    CAN1_RX1_IRQHandler                      0x0800011b   Thumb Code     0  startup_stm32f103xb.o(.text)
    CAN1_SCE_IRQHandler                      0x0800011b   Thumb Code     0  startup_stm32f103xb.o(.text)
    DMA1_Channel1_IRQHandler                 0x0800011b   Thumb Code     0  startup_stm32f103xb.o(.text)
    DMA1_Channel2_IRQHandler                 0x0800011b   Thumb Code     0  startup_stm32f103xb.o(.text)
    DMA1_Channel3_IRQHandler                 0x0800011b   Thumb Code     0  startup_stm32f103xb.o(.text)
    DMA1_Channel4_IRQHandler                 0x0800011b   Thumb Code     0  startup_stm32f103xb.o(.text)
    DMA1_Channel5_IRQHandler                 0x0800011b   Thumb Code     0  startup_stm32f103xb.o(.text)
    DMA1_Channel6_IRQHandler                 0x0800011b   Thumb Code     0  startup_stm32f103xb.o(.text)
    DMA1_Channel7_IRQHandler                 0x0800011b   Thumb Code     0  startup_stm32f103xb.o(.text)
    EXTI0_IRQHandler                         0x0800011b   Thumb Code     0  startup_stm32f103xb.o(.text)
    EXTI15_10_IRQHandler                     0x0800011b   Thumb Code     0  startup_stm32f103xb.o(.text)
    EXTI1_IRQHandler                         0x0800011b   Thumb Code     0  startup_stm32f103xb.o(.text)
    EXTI2_IRQHandler                         0x0800011b   Thumb Code     0  startup_stm32f103xb.o(.text)
    EXTI3_IRQHandler                         0x0800011b   Thumb Code     0  startup_stm32f103xb.o(.text)
    EXTI4_IRQHandler                         0x0800011b   Thumb Code     0  startup_stm32f103xb.o(.text)
    EXTI9_5_IRQHandler                       0x0800011b   Thumb Code     0  startup_stm32f103xb.o(.text)
    FLASH_IRQHandler                         0x0800011b   Thumb Code     0  startup_stm32f103xb.o(.text)
    I2C1_ER_IRQHandler                       0x0800011b   Thumb Code     0  startup_stm32f103xb.o(.text)
    I2C1_EV_IRQHandler                       0x0800011b   Thumb Code     0  startup_stm32f103xb.o(.text)
    I2C2_ER_IRQHandler                       0x0800011b   Thumb Code     0  startup_stm32f103xb.o(.text)
    I2C2_EV_IRQHandler                       0x0800011b   Thumb Code     0  startup_stm32f103xb.o(.text)
    PVD_IRQHandler                           0x0800011b   Thumb Code     0  startup_stm32f103xb.o(.text)
    RCC_IRQHandler                           0x0800011b   Thumb Code     0  startup_stm32f103xb.o(.text)
    RTC_Alarm_IRQHandler                     0x0800011b   Thumb Code     0  startup_stm32f103xb.o(.text)
    RTC_IRQHandler                           0x0800011b   Thumb Code     0  startup_stm32f103xb.o(.text)
    SPI1_IRQHandler                          0x0800011b   Thumb Code     0  startup_stm32f103xb.o(.text)
    SPI2_IRQHandler                          0x0800011b   Thumb Code     0  startup_stm32f103xb.o(.text)
    TAMPER_IRQHandler                        0x0800011b   Thumb Code     0  startup_stm32f103xb.o(.text)
    TIM1_BRK_IRQHandler                      0x0800011b   Thumb Code     0  startup_stm32f103xb.o(.text)
    TIM1_CC_IRQHandler                       0x0800011b   Thumb Code     0  startup_stm32f103xb.o(.text)
    TIM1_TRG_COM_IRQHandler                  0x0800011b   Thumb Code     0  startup_stm32f103xb.o(.text)
    TIM1_UP_IRQHandler                       0x0800011b   Thumb Code     0  startup_stm32f103xb.o(.text)
    TIM3_IRQHandler                          0x0800011b   Thumb Code     0  startup_stm32f103xb.o(.text)
    TIM4_IRQHandler                          0x0800011b   Thumb Code     0  startup_stm32f103xb.o(.text)
    USART2_IRQHandler                        0x0800011b   Thumb Code     0  startup_stm32f103xb.o(.text)
    USBWakeUp_IRQHandler                     0x0800011b   Thumb Code     0  startup_stm32f103xb.o(.text)
    USB_HP_CAN1_TX_IRQHandler                0x0800011b   Thumb Code     0  startup_stm32f103xb.o(.text)
    USB_LP_CAN1_RX0_IRQHandler               0x0800011b   Thumb Code     0  startup_stm32f103xb.o(.text)
    WWDG_IRQHandler                          0x0800011b   Thumb Code     0  startup_stm32f103xb.o(.text)
    __aeabi_llsr                             0x08000125   Thumb Code    32  llushr.o(.text)
    _ll_ushift_r                             0x08000125   Thumb Code     0  llushr.o(.text)
    __aeabi_memset                           0x08000145   Thumb Code    14  memseta.o(.text)
    __aeabi_memset4                          0x08000145   Thumb Code     0  memseta.o(.text)
    __aeabi_memset8                          0x08000145   Thumb Code     0  memseta.o(.text)
    __aeabi_memclr                           0x08000153   Thumb Code     4  memseta.o(.text)
    __aeabi_memclr4                          0x08000153   Thumb Code     0  memseta.o(.text)
    __aeabi_memclr8                          0x08000153   Thumb Code     0  memseta.o(.text)
    _memset$wrapper                          0x08000157   Thumb Code    18  memseta.o(.text)
    __aeabi_fadd                             0x08000169   Thumb Code   164  fadd.o(.text)
    __aeabi_fsub                             0x0800020d   Thumb Code     6  fadd.o(.text)
    __aeabi_frsub                            0x08000213   Thumb Code     6  fadd.o(.text)
    __aeabi_fmul                             0x08000219   Thumb Code   100  fmul.o(.text)
    __aeabi_fdiv                             0x0800027d   Thumb Code   124  fdiv.o(.text)
    __ARM_scalbnf                            0x080002f9   Thumb Code    24  fscalb.o(.text)
    scalbnf                                  0x080002f9   Thumb Code     0  fscalb.o(.text)
    __aeabi_dadd                             0x08000311   Thumb Code   322  dadd.o(.text)
    __aeabi_dsub                             0x08000453   Thumb Code     6  dadd.o(.text)
    __aeabi_drsub                            0x08000459   Thumb Code     6  dadd.o(.text)
    __aeabi_dmul                             0x0800045f   Thumb Code   228  dmul.o(.text)
    __aeabi_i2f                              0x08000543   Thumb Code    18  fflti.o(.text)
    __aeabi_ui2f                             0x08000555   Thumb Code    10  ffltui.o(.text)
    __aeabi_ui2d                             0x0800055f   Thumb Code    26  dfltui.o(.text)
    __aeabi_f2uiz                            0x08000579   Thumb Code    40  ffixui.o(.text)
    __aeabi_f2d                              0x080005a1   Thumb Code    38  f2d.o(.text)
    __aeabi_cdcmpeq                          0x080005c9   Thumb Code     0  cdcmple.o(.text)
    __aeabi_cdcmple                          0x080005c9   Thumb Code    48  cdcmple.o(.text)
    __aeabi_cdrcmple                         0x080005f9   Thumb Code    48  cdrcmple.o(.text)
    __aeabi_d2f                              0x08000629   Thumb Code    56  d2f.o(.text)
    __aeabi_cfcmpeq                          0x08000661   Thumb Code     0  cfcmple.o(.text)
    __aeabi_cfcmple                          0x08000661   Thumb Code    20  cfcmple.o(.text)
    __aeabi_cfrcmple                         0x08000675   Thumb Code    20  cfrcmple.o(.text)
    __aeabi_llsl                             0x08000689   Thumb Code    30  llshl.o(.text)
    _ll_shift_l                              0x08000689   Thumb Code     0  llshl.o(.text)
    __aeabi_lasr                             0x080006a7   Thumb Code    36  llsshr.o(.text)
    _ll_sshift_r                             0x080006a7   Thumb Code     0  llsshr.o(.text)
    __I$use$fp                               0x080006cb   Thumb Code     0  iusefp.o(.text)
    _float_round                             0x080006cb   Thumb Code    18  fepilogue.o(.text)
    _float_epilogue                          0x080006dd   Thumb Code    92  fepilogue.o(.text)
    _double_round                            0x08000739   Thumb Code    30  depilogue.o(.text)
    _double_epilogue                         0x08000757   Thumb Code   156  depilogue.o(.text)
    _dsqrt                                   0x080007f3   Thumb Code   162  dsqrt.o(.text)
    __scatterload                            0x08000895   Thumb Code    28  init.o(.text)
    __scatterload_rt2                        0x08000895   Thumb Code     0  init.o(.text)
    __decompress                             0x080008b9   Thumb Code     0  __dclz77c.o(.text)
    __decompress2                            0x080008b9   Thumb Code    94  __dclz77c.o(.text)
    BusFault_Handler                         0x08000917   Thumb Code     2  stm32f1xx_it.o(i.BusFault_Handler)
    Change_mode                              0x08000919   Thumb Code   112  main.o(i.Change_mode)
    DataScope_Data_Generate                  0x0800099d   Thumb Code   124  datascope_dp.o(i.DataScope_Data_Generate)
    DataScope_Get_Channel_Data               0x08000a1d   Thumb Code    78  datascope_dp.o(i.DataScope_Get_Channel_Data)
    Data_Debug                               0x08000a71   Thumb Code   110  main.o(i.Data_Debug)
    DebugMon_Handler                         0x08000aed   Thumb Code     2  stm32f1xx_it.o(i.DebugMon_Handler)
    Error_Handler                            0x08000aef   Thumb Code     2  main.o(i.Error_Handler)
    Float2Byte                               0x08000af1   Thumb Code    20  datascope_dp.o(i.Float2Byte)
    HAL_DMA_Abort_IT                         0x08000b05   Thumb Code   148  stm32f1xx_hal_dma.o(i.HAL_DMA_Abort_IT)
    HAL_GPIO_Init                            0x08000b9d   Thumb Code   446  stm32f1xx_hal_gpio.o(i.HAL_GPIO_Init)
    HAL_GPIO_TogglePin                       0x08000d7d   Thumb Code    14  stm32f1xx_hal_gpio.o(i.HAL_GPIO_TogglePin)
    HAL_GPIO_WritePin                        0x08000d8b   Thumb Code    10  stm32f1xx_hal_gpio.o(i.HAL_GPIO_WritePin)
    HAL_GetTick                              0x08000d95   Thumb Code     6  stm32f1xx_hal.o(i.HAL_GetTick)
    HAL_IncTick                              0x08000da1   Thumb Code    12  stm32f1xx_hal.o(i.HAL_IncTick)
    HAL_Init                                 0x08000db1   Thumb Code    32  stm32f1xx_hal.o(i.HAL_Init)
    HAL_InitTick                             0x08000dd5   Thumb Code    54  stm32f1xx_hal.o(i.HAL_InitTick)
    HAL_MspInit                              0x08000e15   Thumb Code    52  stm32f1xx_hal_msp.o(i.HAL_MspInit)
    HAL_NVIC_EnableIRQ                       0x08000e51   Thumb Code    26  stm32f1xx_hal_cortex.o(i.HAL_NVIC_EnableIRQ)
    HAL_NVIC_SetPriority                     0x08000e6d   Thumb Code    60  stm32f1xx_hal_cortex.o(i.HAL_NVIC_SetPriority)
    HAL_NVIC_SetPriorityGrouping             0x08000ead   Thumb Code    26  stm32f1xx_hal_cortex.o(i.HAL_NVIC_SetPriorityGrouping)
    HAL_RCC_ClockConfig                      0x08000ed1   Thumb Code   280  stm32f1xx_hal_rcc.o(i.HAL_RCC_ClockConfig)
    HAL_RCC_GetPCLK1Freq                     0x08000ffd   Thumb Code    20  stm32f1xx_hal_rcc.o(i.HAL_RCC_GetPCLK1Freq)
    HAL_RCC_GetPCLK2Freq                     0x0800101d   Thumb Code    20  stm32f1xx_hal_rcc.o(i.HAL_RCC_GetPCLK2Freq)
    HAL_RCC_GetSysClockFreq                  0x0800103d   Thumb Code    74  stm32f1xx_hal_rcc.o(i.HAL_RCC_GetSysClockFreq)
    HAL_RCC_OscConfig                        0x080010a9   Thumb Code   778  stm32f1xx_hal_rcc.o(i.HAL_RCC_OscConfig)
    HAL_SYSTICK_Config                       0x080013c9   Thumb Code    40  stm32f1xx_hal_cortex.o(i.HAL_SYSTICK_Config)
    HAL_TIMEx_BreakCallback                  0x080013f1   Thumb Code     2  stm32f1xx_hal_tim_ex.o(i.HAL_TIMEx_BreakCallback)
    HAL_TIMEx_CommutCallback                 0x080013f3   Thumb Code     2  stm32f1xx_hal_tim_ex.o(i.HAL_TIMEx_CommutCallback)
    HAL_TIMEx_ConfigBreakDeadTime            0x080013f5   Thumb Code    84  stm32f1xx_hal_tim_ex.o(i.HAL_TIMEx_ConfigBreakDeadTime)
    HAL_TIMEx_MasterConfigSynchronization    0x08001449   Thumb Code    66  stm32f1xx_hal_tim_ex.o(i.HAL_TIMEx_MasterConfigSynchronization)
    HAL_TIM_Base_Init                        0x0800148b   Thumb Code    54  stm32f1xx_hal_tim.o(i.HAL_TIM_Base_Init)
    HAL_TIM_Base_MspInit                     0x080014c1   Thumb Code    94  tim.o(i.HAL_TIM_Base_MspInit)
    HAL_TIM_Base_Start_IT                    0x0800152d   Thumb Code    34  stm32f1xx_hal_tim.o(i.HAL_TIM_Base_Start_IT)
    HAL_TIM_ConfigClockSource                0x0800154f   Thumb Code   214  stm32f1xx_hal_tim.o(i.HAL_TIM_ConfigClockSource)
    HAL_TIM_IC_CaptureCallback               0x08001625   Thumb Code     2  stm32f1xx_hal_tim.o(i.HAL_TIM_IC_CaptureCallback)
    HAL_TIM_IRQHandler                       0x08001627   Thumb Code   358  stm32f1xx_hal_tim.o(i.HAL_TIM_IRQHandler)
    HAL_TIM_MspPostInit                      0x0800178d   Thumb Code    84  tim.o(i.HAL_TIM_MspPostInit)
    HAL_TIM_OC_DelayElapsedCallback          0x080017ed   Thumb Code     2  stm32f1xx_hal_tim.o(i.HAL_TIM_OC_DelayElapsedCallback)
    HAL_TIM_PWM_ConfigChannel                0x080017ef   Thumb Code   208  stm32f1xx_hal_tim.o(i.HAL_TIM_PWM_ConfigChannel)
    HAL_TIM_PWM_Init                         0x080018bf   Thumb Code    54  stm32f1xx_hal_tim.o(i.HAL_TIM_PWM_Init)
    HAL_TIM_PWM_MspInit                      0x080018f5   Thumb Code     2  stm32f1xx_hal_tim.o(i.HAL_TIM_PWM_MspInit)
    HAL_TIM_PWM_PulseFinishedCallback        0x080018f7   Thumb Code     2  stm32f1xx_hal_tim.o(i.HAL_TIM_PWM_PulseFinishedCallback)
    HAL_TIM_PWM_Start                        0x080018f9   Thumb Code    52  stm32f1xx_hal_tim.o(i.HAL_TIM_PWM_Start)
    HAL_TIM_PeriodElapsedCallback            0x08001931   Thumb Code    74  tim.o(i.HAL_TIM_PeriodElapsedCallback)
    HAL_TIM_TriggerCallback                  0x08001985   Thumb Code     2  stm32f1xx_hal_tim.o(i.HAL_TIM_TriggerCallback)
    HAL_UART_ErrorCallback                   0x08001987   Thumb Code     2  stm32f1xx_hal_uart.o(i.HAL_UART_ErrorCallback)
    HAL_UART_IRQHandler                      0x08001989   Thumb Code   266  stm32f1xx_hal_uart.o(i.HAL_UART_IRQHandler)
    HAL_UART_Init                            0x08001a99   Thumb Code    98  stm32f1xx_hal_uart.o(i.HAL_UART_Init)
    HAL_UART_MspInit                         0x08001afd   Thumb Code   212  usart.o(i.HAL_UART_MspInit)
    HAL_UART_Receive_IT                      0x08001be5   Thumb Code    82  stm32f1xx_hal_uart.o(i.HAL_UART_Receive_IT)
    HAL_UART_RxCpltCallback                  0x08001c39   Thumb Code    68  main.o(i.HAL_UART_RxCpltCallback)
    HAL_UART_Transmit_IT                     0x08001c91   Thumb Code    62  stm32f1xx_hal_uart.o(i.HAL_UART_Transmit_IT)
    HAL_UART_TxCpltCallback                  0x08001ccf   Thumb Code     2  stm32f1xx_hal_uart.o(i.HAL_UART_TxCpltCallback)
    HC05DataProess                           0x08001cd1   Thumb Code   134  main.o(i.HC05DataProess)
    HardFault_Handler                        0x08001d65   Thumb Code     2  stm32f1xx_it.o(i.HardFault_Handler)
    MX_GPIO_Init                             0x08001d69   Thumb Code   102  gpio.o(i.MX_GPIO_Init)
    MX_TIM1_Init                             0x08001dd9   Thumb Code   208  tim.o(i.MX_TIM1_Init)
    MX_TIM2_Init                             0x08001eb1   Thumb Code    98  tim.o(i.MX_TIM2_Init)
    MX_TIM4_Init                             0x08001f19   Thumb Code    94  tim.o(i.MX_TIM4_Init)
    MX_USART1_UART_Init                      0x08001f81   Thumb Code    48  usart.o(i.MX_USART1_UART_Init)
    MX_USART3_UART_Init                      0x08001fb9   Thumb Code    48  usart.o(i.MX_USART3_UART_Init)
    MemManage_Handler                        0x08001ff1   Thumb Code     2  stm32f1xx_it.o(i.MemManage_Handler)
    NMI_Handler                              0x08001ff3   Thumb Code     2  stm32f1xx_it.o(i.NMI_Handler)
    PID_Init                                 0x08001ff5   Thumb Code    28  pid.o(i.PID_Init)
    PID_Pos_Control                          0x08002011   Thumb Code   120  pid.o(i.PID_Pos_Control)
    PID_R_MOVE                               0x08002095   Thumb Code   160  pid.o(i.PID_R_MOVE)
    PID_SPEED_Control                        0x0800213d   Thumb Code    68  pid.o(i.PID_SPEED_Control)
    PendSV_Handler                           0x08002181   Thumb Code     2  stm32f1xx_it.o(i.PendSV_Handler)
    SVC_Handler                              0x08002183   Thumb Code     2  stm32f1xx_it.o(i.SVC_Handler)
    SysTick_Handler                          0x08002185   Thumb Code     4  stm32f1xx_it.o(i.SysTick_Handler)
    SystemClock_Config                       0x08002189   Thumb Code    78  main.o(i.SystemClock_Config)
    SystemInit                               0x080021d9   Thumb Code    56  system_stm32f1xx.o(i.SystemInit)
    TIM2_IRQHandler                          0x08002221   Thumb Code     6  stm32f1xx_it.o(i.TIM2_IRQHandler)
    TIM_Base_SetConfig                       0x0800222d   Thumb Code    94  stm32f1xx_hal_tim.o(i.TIM_Base_SetConfig)
    TIM_CCxChannelCmd                        0x08002299   Thumb Code    26  stm32f1xx_hal_tim.o(i.TIM_CCxChannelCmd)
    TIM_ETR_SetConfig                        0x080022b3   Thumb Code    20  stm32f1xx_hal_tim.o(i.TIM_ETR_SetConfig)
    TIM_OC2_SetConfig                        0x08002329   Thumb Code    84  stm32f1xx_hal_tim.o(i.TIM_OC2_SetConfig)
    USART1_IRQHandler                        0x08002641   Thumb Code     6  stm32f1xx_it.o(i.USART1_IRQHandler)
    USART3_IRQHandler                        0x0800264d   Thumb Code     6  stm32f1xx_it.o(i.USART3_IRQHandler)
    UsageFault_Handler                       0x08002659   Thumb Code     2  stm32f1xx_it.o(i.UsageFault_Handler)
    X_Servo_Control                          0x0800265d   Thumb Code    36  main.o(i.X_Servo_Control)
    Y_Servo_Control                          0x08002691   Thumb Code    36  main.o(i.Y_Servo_Control)
    __scatterload_copy                       0x080026e5   Thumb Code    14  handlers.o(i.__scatterload_copy)
    __scatterload_null                       0x080026f3   Thumb Code     2  handlers.o(i.__scatterload_null)
    __scatterload_zeroinit                   0x080026f5   Thumb Code    14  handlers.o(i.__scatterload_zeroinit)
    __set_errno                              0x08002705   Thumb Code     6  errno.o(i.__set_errno)
    circle_move                              0x08002711   Thumb Code   280  main.o(i.circle_move)
    getTime10MsFlag                          0x0800283d   Thumb Code    20  tim.o(i.getTime10MsFlag)
    getTimeSFlag                             0x08002855   Thumb Code    20  tim.o(i.getTimeSFlag)
    main                                     0x0800286d   Thumb Code   748  main.o(i.main)
    openMVDataProess                         0x08002b81   Thumb Code   306  main.o(i.openMVDataProess)
    sqrt                                     0x08002cbd   Thumb Code    76  sqrt.o(i.sqrt)
    square                                   0x08002d09   Thumb Code   174  main.o(i.square)
    tangular                                 0x08002dc9   Thumb Code   478  main.o(i.tangular)
    AHBPrescTable                            0x08002fc4   Data          16  system_stm32f1xx.o(.constdata)
    APBPrescTable                            0x08002fd4   Data           8  system_stm32f1xx.o(.constdata)
    Region$$Table$$Base                      0x08002fdc   Number         0  anon$$obj.o(Region$$Table)
    Region$$Table$$Limit                     0x08002ffc   Number         0  anon$$obj.o(Region$$Table)
    ball                                     0x20000000   Data           1  main.o(.data)
    light                                    0x20000001   Data           1  main.o(.data)
    Mode                                     0x20000002   Data           1  main.o(.data)
    Wait_flag                                0x20000003   Data           1  main.o(.data)
    RxByte                                   0x20000006   Data           1  main.o(.data)
    Rx_Count                                 0x20000008   Data           2  main.o(.data)
    Rx_Count_hc                              0x2000000a   Data           2  main.o(.data)
    X_POS_Kp                                 0x2000000c   Data           4  main.o(.data)
    X_POS_Ki                                 0x20000010   Data           4  main.o(.data)
    X_POS_Kd                                 0x20000014   Data           4  main.o(.data)
    X_POS_Max                                0x20000018   Data           4  main.o(.data)
    X_POS_Min                                0x2000001c   Data           4  main.o(.data)
    Y_POS_Kp                                 0x20000020   Data           4  main.o(.data)
    Y_POS_Ki                                 0x20000024   Data           4  main.o(.data)
    Y_POS_Kd                                 0x20000028   Data           4  main.o(.data)
    Y_POS_Max                                0x2000002c   Data           4  main.o(.data)
    Y_POS_Min                                0x20000030   Data           4  main.o(.data)
    X_SPENED_Kp                              0x20000034   Data           4  main.o(.data)
    X_SPENED_Ki                              0x20000038   Data           4  main.o(.data)
    X_SPENED_Kd                              0x2000003c   Data           4  main.o(.data)
    X_SPENED_Max                             0x20000040   Data           4  main.o(.data)
    X_SPENED__Min                            0x20000044   Data           4  main.o(.data)
    Y_SPENED_Kp                              0x20000048   Data           4  main.o(.data)
    Y_SPENED_Ki                              0x2000004c   Data           4  main.o(.data)
    Y_SPENED_Kd                              0x20000050   Data           4  main.o(.data)
    Y_SPENED_Max                             0x20000054   Data           4  main.o(.data)
    Y_SPENED__Min                            0x20000058   Data           4  main.o(.data)
    R_MOVE_Kp                                0x2000005c   Data           4  main.o(.data)
    R_MOVE_Ki                                0x20000060   Data           4  main.o(.data)
    R_MOVE_Kd                                0x20000064   Data           4  main.o(.data)
    R_MOVE_Max                               0x20000068   Data           4  main.o(.data)
    R_MOVE__Min                              0x2000006c   Data           4  main.o(.data)
    X_Center                                 0x20000070   Data           4  main.o(.data)
    Y_Center                                 0x20000074   Data           4  main.o(.data)
    Last_X_Pos                               0x20000078   Data           4  main.o(.data)
    Last_Y_Pos                               0x2000007c   Data           4  main.o(.data)
    X_Speed                                  0x20000080   Data           4  main.o(.data)
    Y_Speed                                  0x20000084   Data           4  main.o(.data)
    X_Target                                 0x20000088   Data           4  main.o(.data)
    Y_Target                                 0x2000008c   Data           4  main.o(.data)
    X_Speed_Set                              0x20000090   Data           4  main.o(.data)
    Y_Speed_Set                              0x20000094   Data           4  main.o(.data)
    X_PWM                                    0x20000098   Data           4  main.o(.data)
    Y_PWM                                    0x2000009c   Data           4  main.o(.data)
    out1                                     0x200000a0   Data           4  main.o(.data)
    out2                                     0x200000a4   Data           4  main.o(.data)
    X_mid                                    0x200000a8   Data           4  main.o(.data)
    Y_mid                                    0x200000ac   Data           4  main.o(.data)
    data_count                               0x200000b0   Data           4  main.o(.data)
    X_Pos                                    0x200000c0   Data           8  main.o(.data)
    Y_Pos                                    0x200000c8   Data           8  main.o(.data)
    Light_X_Pos                              0x200000d0   Data           8  main.o(.data)
    Light_Y_Pos                              0x200000d8   Data           8  main.o(.data)
    real_radiu                               0x200000e0   Data           8  main.o(.data)
    xcriclecos                               0x200000f0   Data        2880  main.o(.data)
    ycriclesin                               0x20000c30   Data        2880  main.o(.data)
    time_10MsFlag                            0x20001770   Data           1  tim.o(.data)
    time30MsFlag                             0x20001771   Data           1  tim.o(.data)
    time100MsFlag                            0x20001772   Data           1  tim.o(.data)
    timeSFlag                                0x20001773   Data           1  tim.o(.data)
    time10MsCut                              0x20001774   Data           4  tim.o(.data)
    time30MsCut                              0x20001778   Data           4  tim.o(.data)
    time100MsCut                             0x2000177c   Data           4  tim.o(.data)
    timeSCut                                 0x20001780   Data           4  tim.o(.data)
    uwTickFreq                               0x20001784   Data           1  stm32f1xx_hal.o(.data)
    uwTickPrio                               0x20001788   Data           4  stm32f1xx_hal.o(.data)
    uwTick                                   0x2000178c   Data           4  stm32f1xx_hal.o(.data)
    SystemCoreClock                          0x20001790   Data           4  system_stm32f1xx.o(.data)
    DataScope_OutPut_Buffer                  0x20001798   Data          42  datascope_dp.o(.bss)
    X_POS_pid                                0x200017c4   Data          32  main.o(.bss)
    Y_POS_pid                                0x200017e4   Data          32  main.o(.bss)
    X_SPEED_pid                              0x20001804   Data          32  main.o(.bss)
    Y_SPEED_pid                              0x20001824   Data          32  main.o(.bss)
    R_MOVE_pid                               0x20001844   Data          32  main.o(.bss)
    RxBuff                                   0x20001864   Data         255  main.o(.bss)
    RxBuff_hc                                0x20001963   Data         255  main.o(.bss)
    htim1                                    0x20001a64   Data          64  tim.o(.bss)
    htim2                                    0x20001aa4   Data          64  tim.o(.bss)
    htim4                                    0x20001ae4   Data          64  tim.o(.bss)
    huart1                                   0x20001b24   Data          64  usart.o(.bss)
    huart3                                   0x20001b64   Data          64  usart.o(.bss)
    __initial_sp                             0x20001fa8   Data           0  startup_stm32f103xb.o(STACK)



==============================================================================

Memory Map of the image

  Image Entry point : 0x080000ed

  Load Region LR_IROM1 (Base: 0x08000000, Size: 0x00004794, Max: 0x00010000, ABSOLUTE, COMPRESSED[0x00003668])

    Execution Region ER_IROM1 (Exec base: 0x08000000, Load base: 0x08000000, Size: 0x00002ffc, Max: 0x00010000, ABSOLUTE)

    Exec Addr    Load Addr    Size         Type   Attr      Idx    E Section Name        Object

    0x08000000   0x08000000   0x000000ec   Data   RO            3    RESET               startup_stm32f103xb.o
    0x080000ec   0x080000ec   0x00000000   Code   RO         2920  * .ARM.Collect$$$$00000000  mc_w.l(entry.o)
    0x080000ec   0x080000ec   0x00000004   Code   RO         2963    .ARM.Collect$$$$00000001  mc_w.l(entry2.o)
    0x080000f0   0x080000f0   0x00000004   Code   RO         2966    .ARM.Collect$$$$00000004  mc_w.l(entry5.o)
    0x080000f4   0x080000f4   0x00000000   Code   RO         2968    .ARM.Collect$$$$00000008  mc_w.l(entry7b.o)
    0x080000f4   0x080000f4   0x00000000   Code   RO         2970    .ARM.Collect$$$$0000000A  mc_w.l(entry8b.o)
    0x080000f4   0x080000f4   0x00000008   Code   RO         2971    .ARM.Collect$$$$0000000B  mc_w.l(entry9a.o)
    0x080000fc   0x080000fc   0x00000000   Code   RO         2973    .ARM.Collect$$$$0000000D  mc_w.l(entry10a.o)
    0x080000fc   0x080000fc   0x00000000   Code   RO         2975    .ARM.Collect$$$$0000000F  mc_w.l(entry11a.o)
    0x080000fc   0x080000fc   0x00000004   Code   RO         2964    .ARM.Collect$$$$00002712  mc_w.l(entry2.o)
    0x08000100   0x08000100   0x00000024   Code   RO            4    .text               startup_stm32f103xb.o
    0x08000124   0x08000124   0x00000020   Code   RO         2923    .text               mc_w.l(llushr.o)
    0x08000144   0x08000144   0x00000024   Code   RO         2925    .text               mc_w.l(memseta.o)
    0x08000168   0x08000168   0x000000b0   Code   RO         2927    .text               mf_w.l(fadd.o)
    0x08000218   0x08000218   0x00000064   Code   RO         2929    .text               mf_w.l(fmul.o)
    0x0800027c   0x0800027c   0x0000007c   Code   RO         2931    .text               mf_w.l(fdiv.o)
    0x080002f8   0x080002f8   0x00000018   Code   RO         2933    .text               mf_w.l(fscalb.o)
    0x08000310   0x08000310   0x0000014e   Code   RO         2935    .text               mf_w.l(dadd.o)
    0x0800045e   0x0800045e   0x000000e4   Code   RO         2937    .text               mf_w.l(dmul.o)
    0x08000542   0x08000542   0x00000012   Code   RO         2939    .text               mf_w.l(fflti.o)
    0x08000554   0x08000554   0x0000000a   Code   RO         2941    .text               mf_w.l(ffltui.o)
    0x0800055e   0x0800055e   0x0000001a   Code   RO         2945    .text               mf_w.l(dfltui.o)
    0x08000578   0x08000578   0x00000028   Code   RO         2949    .text               mf_w.l(ffixui.o)
    0x080005a0   0x080005a0   0x00000026   Code   RO         2951    .text               mf_w.l(f2d.o)
    0x080005c6   0x080005c6   0x00000002   PAD
    0x080005c8   0x080005c8   0x00000030   Code   RO         2953    .text               mf_w.l(cdcmple.o)
    0x080005f8   0x080005f8   0x00000030   Code   RO         2955    .text               mf_w.l(cdrcmple.o)
    0x08000628   0x08000628   0x00000038   Code   RO         2957    .text               mf_w.l(d2f.o)
    0x08000660   0x08000660   0x00000014   Code   RO         2959    .text               mf_w.l(cfcmple.o)
    0x08000674   0x08000674   0x00000014   Code   RO         2961    .text               mf_w.l(cfrcmple.o)
    0x08000688   0x08000688   0x0000001e   Code   RO         2977    .text               mc_w.l(llshl.o)
    0x080006a6   0x080006a6   0x00000024   Code   RO         2979    .text               mc_w.l(llsshr.o)
    0x080006ca   0x080006ca   0x00000000   Code   RO         2988    .text               mc_w.l(iusefp.o)
    0x080006ca   0x080006ca   0x0000006e   Code   RO         2989    .text               mf_w.l(fepilogue.o)
    0x08000738   0x08000738   0x000000ba   Code   RO         2991    .text               mf_w.l(depilogue.o)
    0x080007f2   0x080007f2   0x000000a2   Code   RO         2993    .text               mf_w.l(dsqrt.o)
    0x08000894   0x08000894   0x00000024   Code   RO         2995    .text               mc_w.l(init.o)
    0x080008b8   0x080008b8   0x0000005e   Code   RO         3005    .text               mc_w.l(__dclz77c.o)
    0x08000916   0x08000916   0x00000002   Code   RO          494    i.BusFault_Handler  stm32f1xx_it.o
    0x08000918   0x08000918   0x00000084   Code   RO          108    i.Change_mode       main.o
    0x0800099c   0x0800099c   0x00000080   Code   RO           10    i.DataScope_Data_Generate  datascope_dp.o
    0x08000a1c   0x08000a1c   0x00000054   Code   RO           11    i.DataScope_Get_Channel_Data  datascope_dp.o
    0x08000a70   0x08000a70   0x0000007c   Code   RO          109    i.Data_Debug        main.o
    0x08000aec   0x08000aec   0x00000002   Code   RO          495    i.DebugMon_Handler  stm32f1xx_it.o
    0x08000aee   0x08000aee   0x00000002   Code   RO          110    i.Error_Handler     main.o
    0x08000af0   0x08000af0   0x00000014   Code   RO           12    i.Float2Byte        datascope_dp.o
    0x08000b04   0x08000b04   0x00000098   Code   RO         1956    i.HAL_DMA_Abort_IT  stm32f1xx_hal_dma.o
    0x08000b9c   0x08000b9c   0x000001e0   Code   RO         1891    i.HAL_GPIO_Init     stm32f1xx_hal_gpio.o
    0x08000d7c   0x08000d7c   0x0000000e   Code   RO         1894    i.HAL_GPIO_TogglePin  stm32f1xx_hal_gpio.o
    0x08000d8a   0x08000d8a   0x0000000a   Code   RO         1895    i.HAL_GPIO_WritePin  stm32f1xx_hal_gpio.o
    0x08000d94   0x08000d94   0x0000000c   Code   RO         1587    i.HAL_GetTick       stm32f1xx_hal.o
    0x08000da0   0x08000da0   0x00000010   Code   RO         1593    i.HAL_IncTick       stm32f1xx_hal.o
    0x08000db0   0x08000db0   0x00000024   Code   RO         1594    i.HAL_Init          stm32f1xx_hal.o
    0x08000dd4   0x08000dd4   0x00000040   Code   RO         1595    i.HAL_InitTick      stm32f1xx_hal.o
    0x08000e14   0x08000e14   0x0000003c   Code   RO          588    i.HAL_MspInit       stm32f1xx_hal_msp.o
    0x08000e50   0x08000e50   0x0000001a   Code   RO         2051    i.HAL_NVIC_EnableIRQ  stm32f1xx_hal_cortex.o
    0x08000e6a   0x08000e6a   0x00000002   PAD
    0x08000e6c   0x08000e6c   0x00000040   Code   RO         2057    i.HAL_NVIC_SetPriority  stm32f1xx_hal_cortex.o
    0x08000eac   0x08000eac   0x00000024   Code   RO         2058    i.HAL_NVIC_SetPriorityGrouping  stm32f1xx_hal_cortex.o
    0x08000ed0   0x08000ed0   0x0000012c   Code   RO         1751    i.HAL_RCC_ClockConfig  stm32f1xx_hal_rcc.o
    0x08000ffc   0x08000ffc   0x00000020   Code   RO         1758    i.HAL_RCC_GetPCLK1Freq  stm32f1xx_hal_rcc.o
    0x0800101c   0x0800101c   0x00000020   Code   RO         1759    i.HAL_RCC_GetPCLK2Freq  stm32f1xx_hal_rcc.o
    0x0800103c   0x0800103c   0x0000006c   Code   RO         1760    i.HAL_RCC_GetSysClockFreq  stm32f1xx_hal_rcc.o
    0x080010a8   0x080010a8   0x00000320   Code   RO         1763    i.HAL_RCC_OscConfig  stm32f1xx_hal_rcc.o
    0x080013c8   0x080013c8   0x00000028   Code   RO         2062    i.HAL_SYSTICK_Config  stm32f1xx_hal_cortex.o
    0x080013f0   0x080013f0   0x00000002   Code   RO         1325    i.HAL_TIMEx_BreakCallback  stm32f1xx_hal_tim_ex.o
    0x080013f2   0x080013f2   0x00000002   Code   RO         1326    i.HAL_TIMEx_CommutCallback  stm32f1xx_hal_tim_ex.o
    0x080013f4   0x080013f4   0x00000054   Code   RO         1328    i.HAL_TIMEx_ConfigBreakDeadTime  stm32f1xx_hal_tim_ex.o
    0x08001448   0x08001448   0x00000042   Code   RO         1343    i.HAL_TIMEx_MasterConfigSynchronization  stm32f1xx_hal_tim_ex.o
    0x0800148a   0x0800148a   0x00000036   Code   RO          650    i.HAL_TIM_Base_Init  stm32f1xx_hal_tim.o
    0x080014c0   0x080014c0   0x0000006c   Code   RO          362    i.HAL_TIM_Base_MspInit  tim.o
    0x0800152c   0x0800152c   0x00000022   Code   RO          655    i.HAL_TIM_Base_Start_IT  stm32f1xx_hal_tim.o
    0x0800154e   0x0800154e   0x000000d6   Code   RO          659    i.HAL_TIM_ConfigClockSource  stm32f1xx_hal_tim.o
    0x08001624   0x08001624   0x00000002   Code   RO          679    i.HAL_TIM_IC_CaptureCallback  stm32f1xx_hal_tim.o
    0x08001626   0x08001626   0x00000166   Code   RO          693    i.HAL_TIM_IRQHandler  stm32f1xx_hal_tim.o
    0x0800178c   0x0800178c   0x00000060   Code   RO          363    i.HAL_TIM_MspPostInit  tim.o
    0x080017ec   0x080017ec   0x00000002   Code   RO          696    i.HAL_TIM_OC_DelayElapsedCallback  stm32f1xx_hal_tim.o
    0x080017ee   0x080017ee   0x000000d0   Code   RO          717    i.HAL_TIM_PWM_ConfigChannel  stm32f1xx_hal_tim.o
    0x080018be   0x080018be   0x00000036   Code   RO          720    i.HAL_TIM_PWM_Init  stm32f1xx_hal_tim.o
    0x080018f4   0x080018f4   0x00000002   Code   RO          722    i.HAL_TIM_PWM_MspInit  stm32f1xx_hal_tim.o
    0x080018f6   0x080018f6   0x00000002   Code   RO          723    i.HAL_TIM_PWM_PulseFinishedCallback  stm32f1xx_hal_tim.o
    0x080018f8   0x080018f8   0x00000038   Code   RO          725    i.HAL_TIM_PWM_Start  stm32f1xx_hal_tim.o
    0x08001930   0x08001930   0x00000054   Code   RO          364    i.HAL_TIM_PeriodElapsedCallback  tim.o
    0x08001984   0x08001984   0x00000002   Code   RO          736    i.HAL_TIM_TriggerCallback  stm32f1xx_hal_tim.o
    0x08001986   0x08001986   0x00000002   Code   RO         2572    i.HAL_UART_ErrorCallback  stm32f1xx_hal_uart.o
    0x08001988   0x08001988   0x00000110   Code   RO         2575    i.HAL_UART_IRQHandler  stm32f1xx_hal_uart.o
    0x08001a98   0x08001a98   0x00000062   Code   RO         2576    i.HAL_UART_Init     stm32f1xx_hal_uart.o
    0x08001afa   0x08001afa   0x00000002   PAD
    0x08001afc   0x08001afc   0x000000e8   Code   RO          447    i.HAL_UART_MspInit  usart.o
    0x08001be4   0x08001be4   0x00000052   Code   RO         2581    i.HAL_UART_Receive_IT  stm32f1xx_hal_uart.o
    0x08001c36   0x08001c36   0x00000002   PAD
    0x08001c38   0x08001c38   0x00000058   Code   RO          111    i.HAL_UART_RxCpltCallback  main.o
    0x08001c90   0x08001c90   0x0000003e   Code   RO         2586    i.HAL_UART_Transmit_IT  stm32f1xx_hal_uart.o
    0x08001cce   0x08001cce   0x00000002   Code   RO         2587    i.HAL_UART_TxCpltCallback  stm32f1xx_hal_uart.o
    0x08001cd0   0x08001cd0   0x00000094   Code   RO          112    i.HC05DataProess    main.o
    0x08001d64   0x08001d64   0x00000002   Code   RO          496    i.HardFault_Handler  stm32f1xx_it.o
    0x08001d66   0x08001d66   0x00000002   PAD
    0x08001d68   0x08001d68   0x00000070   Code   RO          337    i.MX_GPIO_Init      gpio.o
    0x08001dd8   0x08001dd8   0x000000d8   Code   RO          365    i.MX_TIM1_Init      tim.o
    0x08001eb0   0x08001eb0   0x00000068   Code   RO          366    i.MX_TIM2_Init      tim.o
    0x08001f18   0x08001f18   0x00000068   Code   RO          367    i.MX_TIM4_Init      tim.o
    0x08001f80   0x08001f80   0x00000038   Code   RO          448    i.MX_USART1_UART_Init  usart.o
    0x08001fb8   0x08001fb8   0x00000038   Code   RO          449    i.MX_USART3_UART_Init  usart.o
    0x08001ff0   0x08001ff0   0x00000002   Code   RO          497    i.MemManage_Handler  stm32f1xx_it.o
    0x08001ff2   0x08001ff2   0x00000002   Code   RO          498    i.NMI_Handler       stm32f1xx_it.o
    0x08001ff4   0x08001ff4   0x0000001c   Code   RO           43    i.PID_Init          pid.o
    0x08002010   0x08002010   0x00000084   Code   RO           44    i.PID_Pos_Control   pid.o
    0x08002094   0x08002094   0x000000a8   Code   RO           45    i.PID_R_MOVE        pid.o
    0x0800213c   0x0800213c   0x00000044   Code   RO           47    i.PID_SPEED_Control  pid.o
    0x08002180   0x08002180   0x00000002   Code   RO          499    i.PendSV_Handler    stm32f1xx_it.o
    0x08002182   0x08002182   0x00000002   Code   RO          500    i.SVC_Handler       stm32f1xx_it.o
    0x08002184   0x08002184   0x00000004   Code   RO          501    i.SysTick_Handler   stm32f1xx_it.o
    0x08002188   0x08002188   0x0000004e   Code   RO          115    i.SystemClock_Config  main.o
    0x080021d6   0x080021d6   0x00000002   PAD
    0x080021d8   0x080021d8   0x00000048   Code   RO         2878    i.SystemInit        system_stm32f1xx.o
    0x08002220   0x08002220   0x0000000c   Code   RO          502    i.TIM2_IRQHandler   stm32f1xx_it.o
    0x0800222c   0x0800222c   0x0000006c   Code   RO          738    i.TIM_Base_SetConfig  stm32f1xx_hal_tim.o
    0x08002298   0x08002298   0x0000001a   Code   RO          739    i.TIM_CCxChannelCmd  stm32f1xx_hal_tim.o
    0x080022b2   0x080022b2   0x00000014   Code   RO          749    i.TIM_ETR_SetConfig  stm32f1xx_hal_tim.o
    0x080022c6   0x080022c6   0x00000010   Code   RO          750    i.TIM_ITRx_SetConfig  stm32f1xx_hal_tim.o
    0x080022d6   0x080022d6   0x00000002   PAD
    0x080022d8   0x080022d8   0x00000050   Code   RO          751    i.TIM_OC1_SetConfig  stm32f1xx_hal_tim.o
    0x08002328   0x08002328   0x00000058   Code   RO          752    i.TIM_OC2_SetConfig  stm32f1xx_hal_tim.o
    0x08002380   0x08002380   0x00000058   Code   RO          753    i.TIM_OC3_SetConfig  stm32f1xx_hal_tim.o
    0x080023d8   0x080023d8   0x00000044   Code   RO          754    i.TIM_OC4_SetConfig  stm32f1xx_hal_tim.o
    0x0800241c   0x0800241c   0x00000022   Code   RO          756    i.TIM_TI1_ConfigInputStage  stm32f1xx_hal_tim.o
    0x0800243e   0x0800243e   0x00000024   Code   RO          758    i.TIM_TI2_ConfigInputStage  stm32f1xx_hal_tim.o
    0x08002462   0x08002462   0x00000010   Code   RO         2589    i.UART_DMAAbortOnError  stm32f1xx_hal_uart.o
    0x08002472   0x08002472   0x0000001c   Code   RO         2599    i.UART_EndRxTransfer  stm32f1xx_hal_uart.o
    0x0800248e   0x0800248e   0x00000096   Code   RO         2601    i.UART_Receive_IT   stm32f1xx_hal_uart.o
    0x08002524   0x08002524   0x000000b8   Code   RO         2602    i.UART_SetConfig    stm32f1xx_hal_uart.o
    0x080025dc   0x080025dc   0x00000062   Code   RO         2603    i.UART_Transmit_IT  stm32f1xx_hal_uart.o
    0x0800263e   0x0800263e   0x00000002   PAD
    0x08002640   0x08002640   0x0000000c   Code   RO          503    i.USART1_IRQHandler  stm32f1xx_it.o
    0x0800264c   0x0800264c   0x0000000c   Code   RO          504    i.USART3_IRQHandler  stm32f1xx_it.o
    0x08002658   0x08002658   0x00000002   Code   RO          505    i.UsageFault_Handler  stm32f1xx_it.o
    0x0800265a   0x0800265a   0x00000002   PAD
    0x0800265c   0x0800265c   0x00000034   Code   RO          116    i.X_Servo_Control   main.o
    0x08002690   0x08002690   0x00000034   Code   RO          117    i.Y_Servo_Control   main.o
    0x080026c4   0x080026c4   0x00000020   Code   RO         2064    i.__NVIC_SetPriority  stm32f1xx_hal_cortex.o
    0x080026e4   0x080026e4   0x0000000e   Code   RO         2999    i.__scatterload_copy  mc_w.l(handlers.o)
    0x080026f2   0x080026f2   0x00000002   Code   RO         3000    i.__scatterload_null  mc_w.l(handlers.o)
    0x080026f4   0x080026f4   0x0000000e   Code   RO         3001    i.__scatterload_zeroinit  mc_w.l(handlers.o)
    0x08002702   0x08002702   0x00000002   PAD
    0x08002704   0x08002704   0x0000000c   Code   RO         2983    i.__set_errno       mc_w.l(errno.o)
    0x08002710   0x08002710   0x0000012c   Code   RO          118    i.circle_move       main.o
    0x0800283c   0x0800283c   0x00000018   Code   RO          369    i.getTime10MsFlag   tim.o
    0x08002854   0x08002854   0x00000018   Code   RO          370    i.getTimeSFlag      tim.o
    0x0800286c   0x0800286c   0x00000314   Code   RO          120    i.main              main.o
    0x08002b80   0x08002b80   0x0000013c   Code   RO          121    i.openMVDataProess  main.o
    0x08002cbc   0x08002cbc   0x0000004c   Code   RO         2913    i.sqrt              m_ws.l(sqrt.o)
    0x08002d08   0x08002d08   0x000000c0   Code   RO          122    i.square            main.o
    0x08002dc8   0x08002dc8   0x000001fc   Code   RO          123    i.tangular          main.o
    0x08002fc4   0x08002fc4   0x00000010   Data   RO         2879    .constdata          system_stm32f1xx.o
    0x08002fd4   0x08002fd4   0x00000008   Data   RO         2880    .constdata          system_stm32f1xx.o
    0x08002fdc   0x08002fdc   0x00000020   Data   RO         2997    Region$$Table       anon$$obj.o


    Execution Region RW_IRAM1 (Exec base: 0x20000000, Load base: 0x08002ffc, Size: 0x00001fa8, Max: 0x00005000, ABSOLUTE, COMPRESSED[0x0000066c])

    Exec Addr    Load Addr    Size         Type   Attr      Idx    E Section Name        Object

    0x20000000   COMPRESSED   0x00001770   Data   RW          128    .data               main.o
    0x20001770   COMPRESSED   0x00000014   Data   RW          372    .data               tim.o
    0x20001784   COMPRESSED   0x0000000c   Data   RW         1601    .data               stm32f1xx_hal.o
    0x20001790   COMPRESSED   0x00000004   Data   RW         2881    .data               system_stm32f1xx.o
    0x20001794   COMPRESSED   0x00000004   Data   RW         2984    .data               mc_w.l(errno.o)
    0x20001798        -       0x0000002a   Zero   RW           13    .bss                datascope_dp.o
    0x200017c2   COMPRESSED   0x00000002   PAD
    0x200017c4        -       0x0000029e   Zero   RW          127    .bss                main.o
    0x20001a62   COMPRESSED   0x00000002   PAD
    0x20001a64        -       0x000000c0   Zero   RW          371    .bss                tim.o
    0x20001b24        -       0x00000080   Zero   RW          450    .bss                usart.o
    0x20001ba4   COMPRESSED   0x00000004   PAD
    0x20001ba8        -       0x00000400   Zero   RW            1    STACK               startup_stm32f103xb.o


==============================================================================

Image component sizes


      Code (inc. data)   RO Data    RW Data    ZI Data      Debug   Object Name

       232         34          0          0         42       4014   datascope_dp.o
       112         10          0          0          0        855   gpio.o
      2780        236          0       6000        670     431443   main.o
       396         20          0          0          0       3286   pid.o
        36          8        236          0       1024        780   startup_stm32f103xb.o
       128         24          0         12          0       5129   stm32f1xx_hal.o
       198         14          0          0          0      28791   stm32f1xx_hal_cortex.o
       152          4          0          0          0       1055   stm32f1xx_hal_dma.o
       504         34          0          0          0       3393   stm32f1xx_hal_gpio.o
        60          8          0          0          0        822   stm32f1xx_hal_msp.o
      1272        100          0          0          0       5044   stm32f1xx_hal_rcc.o
      1552         38          0          0          0      15038   stm32f1xx_hal_tim.o
       154          0          0          0          0       3017   stm32f1xx_hal_tim_ex.o
       994         12          0          0          0       7778   stm32f1xx_hal_uart.o
        56         18          0          0          0       4880   stm32f1xx_it.o
        72         16         24          4          0       1111   system_stm32f1xx.o
       760         68          0         20        192       5492   tim.o
       344         36          0          0        128       2271   usart.o

    ----------------------------------------------------------------------
      9818        680        292       6036       2064     524199   Object Totals
         0          0         32          0          0          0   (incl. Generated)
        16          0          0          0          8          0   (incl. Padding)

    ----------------------------------------------------------------------

      Code (inc. data)   RO Data    RW Data    ZI Data      Debug   Library Member Name

        76          0          0          0          0         84   sqrt.o
        94          0          0          0          0          0   __dclz77c.o
         0          0          0          0          0          0   entry.o
         0          0          0          0          0          0   entry10a.o
         0          0          0          0          0          0   entry11a.o
         8          4          0          0          0          0   entry2.o
         4          0          0          0          0          0   entry5.o
         0          0          0          0          0          0   entry7b.o
         0          0          0          0          0          0   entry8b.o
         8          4          0          0          0          0   entry9a.o
        12          6          0          4          0         68   errno.o
        30          0          0          0          0          0   handlers.o
        36          8          0          0          0         68   init.o
         0          0          0          0          0          0   iusefp.o
        30          0          0          0          0         68   llshl.o
        36          0          0          0          0         68   llsshr.o
        32          0          0          0          0         68   llushr.o
        36          0          0          0          0        108   memseta.o
        48          0          0          0          0         68   cdcmple.o
        48          0          0          0          0         68   cdrcmple.o
        20          0          0          0          0         68   cfcmple.o
        20          0          0          0          0         68   cfrcmple.o
        56          0          0          0          0         88   d2f.o
       334          0          0          0          0        148   dadd.o
       186          0          0          0          0        176   depilogue.o
        26          0          0          0          0         76   dfltui.o
       228          0          0          0          0         96   dmul.o
       162          0          0          0          0        100   dsqrt.o
        38          0          0          0          0         68   f2d.o
       176          0          0          0          0        140   fadd.o
       124          0          0          0          0         88   fdiv.o
       110          0          0          0          0        168   fepilogue.o
        40          0          0          0          0         68   ffixui.o
        18          0          0          0          0         68   fflti.o
        10          0          0          0          0         68   ffltui.o
       100          0          0          0          0         76   fmul.o
        24          0          0          0          0         68   fscalb.o

    ----------------------------------------------------------------------
      2174         22          0          4          0       2300   Library Totals
         4          0          0          0          0          0   (incl. Padding)

    ----------------------------------------------------------------------

      Code (inc. data)   RO Data    RW Data    ZI Data      Debug   Library Name

        76          0          0          0          0         84   m_ws.l
       326         22          0          4          0        448   mc_w.l
      1768          0          0          0          0       1768   mf_w.l

    ----------------------------------------------------------------------
      2174         22          0          4          0       2300   Library Totals

    ----------------------------------------------------------------------

==============================================================================


      Code (inc. data)   RO Data    RW Data    ZI Data      Debug   

     11992        702        292       6040       2064     520387   Grand Totals
     11992        702        292       1644       2064     520387   ELF Image Totals (compressed)
     11992        702        292       1644          0          0   ROM Totals

==============================================================================

    Total RO  Size (Code + RO Data)                12284 (  12.00kB)
    Total RW  Size (RW Data + ZI Data)              8104 (   7.91kB)
    Total ROM Size (Code + RO Data + RW Data)      13928 (  13.60kB)

==============================================================================

